Archive member included because of file (symbol)

./gr_common/RLduino78/libraries/EEPROM/utility/pfdl.a(pfdl.o)
                              ./gr_common/RLduino78/libraries/EEPROM/utility/data_flash_util.o (PFDL_Open)
C:/Renesas/e2studio/GNURL78v14.03-ELF/rl78-elf/rl78-elf/lib\libstdc++.a(si_class_type_info.o)
                              ./gr_common/RLduino78/cores/HardwareSerial.o (vtable for __cxxabiv1::__si_class_type_info)
C:/Renesas/e2studio/GNURL78v14.03-ELF/rl78-elf/rl78-elf/lib\libstdc++.a(new_op.o)
                              ./gr_common/RLduino78/libraries/Ethernet/Ethernet.o (operator new(unsigned int))
C:/Renesas/e2studio/GNURL78v14.03-ELF/rl78-elf/rl78-elf/lib\libstdc++.a(eh_throw.o)
                              C:/Renesas/e2studio/GNURL78v14.03-ELF/rl78-elf/rl78-elf/lib\libstdc++.a(new_op.o) (__cxa_throw)
C:/Renesas/e2studio/GNURL78v14.03-ELF/rl78-elf/rl78-elf/lib\libstdc++.a(class_type_info.o)
                              C:/Renesas/e2studio/GNURL78v14.03-ELF/rl78-elf/rl78-elf/lib\libstdc++.a(si_class_type_info.o) (__cxxabiv1::__class_type_info::__do_upcast(__cxxabiv1::__class_type_info const*, void**) const)
C:/Renesas/e2studio/GNURL78v14.03-ELF/rl78-elf/rl78-elf/lib\libstdc++.a(eh_catch.o)
                              C:/Renesas/e2studio/GNURL78v14.03-ELF/rl78-elf/rl78-elf/lib\libstdc++.a(eh_throw.o) (__cxa_begin_catch)
C:/Renesas/e2studio/GNURL78v14.03-ELF/rl78-elf/rl78-elf/lib\libstdc++.a(del_op.o)
                              ./gr_common/RLduino78/libraries/Ethernet/Ethernet.o (operator delete(void*))
C:/Renesas/e2studio/GNURL78v14.03-ELF/rl78-elf/rl78-elf/lib\libstdc++.a(eh_terminate.o)
                              C:/Renesas/e2studio/GNURL78v14.03-ELF/rl78-elf/rl78-elf/lib\libstdc++.a(eh_throw.o) (__cxxabiv1::__terminate(void (*)()))
C:/Renesas/e2studio/GNURL78v14.03-ELF/rl78-elf/rl78-elf/lib\libstdc++.a(eh_personality.o)
                              ./gr_common/RLduino78/cores/Stream.o (__gxx_personality_sj0)
C:/Renesas/e2studio/GNURL78v14.03-ELF/rl78-elf/rl78-elf/lib\libstdc++.a(eh_alloc.o)
                              C:/Renesas/e2studio/GNURL78v14.03-ELF/rl78-elf/rl78-elf/lib\libstdc++.a(new_op.o) (__cxa_allocate_exception)
C:/Renesas/e2studio/GNURL78v14.03-ELF/rl78-elf/rl78-elf/lib\libstdc++.a(eh_unex_handler.o)
                              C:/Renesas/e2studio/GNURL78v14.03-ELF/rl78-elf/rl78-elf/lib\libstdc++.a(eh_throw.o) (__cxxabiv1::__unexpected_handler)
C:/Renesas/e2studio/GNURL78v14.03-ELF/rl78-elf/rl78-elf/lib\libstdc++.a(eh_exception.o)
                              C:/Renesas/e2studio/GNURL78v14.03-ELF/rl78-elf/rl78-elf/lib\libstdc++.a(eh_personality.o) (std::bad_exception::~bad_exception())
C:/Renesas/e2studio/GNURL78v14.03-ELF/rl78-elf/rl78-elf/lib\libstdc++.a(eh_call.o)
                              C:/Renesas/e2studio/GNURL78v14.03-ELF/rl78-elf/rl78-elf/lib\libstdc++.a(eh_personality.o) (__cxa_call_terminate)
C:/Renesas/e2studio/GNURL78v14.03-ELF/rl78-elf/rl78-elf/lib\libstdc++.a(tinfo.o)
                              C:/Renesas/e2studio/GNURL78v14.03-ELF/rl78-elf/rl78-elf/lib\libstdc++.a(class_type_info.o) (std::type_info::~type_info())
C:/Renesas/e2studio/GNURL78v14.03-ELF/rl78-elf/rl78-elf/lib\libstdc++.a(eh_term_handler.o)
                              C:/Renesas/e2studio/GNURL78v14.03-ELF/rl78-elf/rl78-elf/lib\libstdc++.a(eh_throw.o) (__cxxabiv1::__terminate_handler)
C:/Renesas/e2studio/GNURL78v14.03-ELF/rl78-elf/rl78-elf/lib\libstdc++.a(pure.o)
                              ./gr_common/RLduino78/cores/HardwareSerial.o (__cxa_pure_virtual)
C:/Renesas/e2studio/GNURL78v14.03-ELF/rl78-elf/rl78-elf/lib\libstdc++.a(bad_alloc.o)
                              C:/Renesas/e2studio/GNURL78v14.03-ELF/rl78-elf/rl78-elf/lib\libstdc++.a(new_op.o) (vtable for std::bad_alloc)
C:/Renesas/e2studio/GNURL78v14.03-ELF/rl78-elf/rl78-elf/lib\libstdc++.a(new_handler.o)
                              C:/Renesas/e2studio/GNURL78v14.03-ELF/rl78-elf/rl78-elf/lib\libstdc++.a(new_op.o) (__new_handler)
C:/Renesas/e2studio/GNURL78v14.03-ELF/rl78-elf/rl78-elf/lib\libstdc++.a(eh_globals.o)
                              C:/Renesas/e2studio/GNURL78v14.03-ELF/rl78-elf/rl78-elf/lib\libstdc++.a(eh_catch.o) (__cxa_get_globals_fast)
C:/Renesas/e2studio/GNURL78v14.03-ELF/rl78-elf/rl78-elf/lib\libnosys.a(write.o)
                              C:/Renesas/e2studio/GNURL78v14.03-ELF/rl78-elf/rl78-elf/lib\libstdc++.a(pure.o) (write)
C:/Renesas/e2studio/GNURL78v14.03-ELF/rl78-elf/rl78-elf/lib\libnosys.a(errno.o)
                              C:/Renesas/e2studio/GNURL78v14.03-ELF/rl78-elf/rl78-elf/lib\libnosys.a(write.o) (errno)
C:/Renesas/e2studio/GNURL78v14.03-ELF/rl78-elf/rl78-elf/lib\libm.a(lib_a-sf_cos.o)
                              ./gr_sketch.o (cos)
C:/Renesas/e2studio/GNURL78v14.03-ELF/rl78-elf/rl78-elf/lib\libm.a(lib_a-sf_fpclassify.o)
                              ./gr_common/RLduino78/cores/Print.o (__fpclassifyf)
[...]
Memory Configuration

Name             Origin             Length             Attributes
VEC              0x00000000         0x00000002         r
IVEC             0x00000004         0x0000007c         r
OPT              0x000000c0         0x00000004         r
SECURITY_ID      0x000000c4         0x0000000a         r
ROM              0x000000d8         0x0003ff28         r
RAM              0x000faf00         0x00004fe0         w
STACK            0x000ffee0         0x00000002         w
*default*        0x00000000         0xffffffff

Linker script and memory map

LOAD ./gr_sketch.o
LOAD ./gr_common/RLduino78/cores/HardwareSerial.o
LOAD ./gr_common/RLduino78/cores/IPAddress.o
LOAD ./gr_common/RLduino78/cores/MsTimer2.o
LOAD ./gr_common/RLduino78/cores/Print.o
LOAD ./gr_common/RLduino78/cores/RLduino78_basic.o
LOAD ./gr_common/RLduino78/cores/RLduino78_main.o
LOAD ./gr_common/RLduino78/cores/RLduino78_RTC.o
LOAD ./gr_common/RLduino78/cores/Stream.o
LOAD ./gr_common/RLduino78/cores/WString.o
LOAD ./gr_common/RLduino78/libraries/AndroidAccessory/AndroidAccessory.o
LOAD ./gr_common/RLduino78/libraries/EEPROM/EEPROM.o
LOAD ./gr_common/RLduino78/libraries/Ethernet/Dhcp.o
LOAD ./gr_common/RLduino78/libraries/Ethernet/Dns.o
LOAD ./gr_common/RLduino78/libraries/Ethernet/Ethernet.o
LOAD ./gr_common/RLduino78/libraries/Ethernet/EthernetClient.o
LOAD ./gr_common/RLduino78/libraries/Ethernet/EthernetServer.o
LOAD ./gr_common/RLduino78/libraries/Ethernet/EthernetUdp.o
LOAD ./gr_common/RLduino78/libraries/Ethernet/Twitter.o
LOAD ./gr_common/RLduino78/libraries/Ethernet/utility/socket.o
LOAD ./gr_common/RLduino78/libraries/Ethernet/utility/w5100.o
LOAD ./gr_common/RLduino78/libraries/Ethernet/utility/w5200.o
LOAD ./gr_common/RLduino78/libraries/Ethernet/utility/w5500.o
LOAD ./gr_common/RLduino78/libraries/Firmata/Firmata.o
LOAD ./gr_common/RLduino78/libraries/LiquidCrystal/LiquidCrystal.o
LOAD ./gr_common/RLduino78/libraries/RTC/RTC.o
LOAD ./gr_common/RLduino78/libraries/SD/File.o
LOAD ./gr_common/RLduino78/libraries/SD/SD.o
LOAD ./gr_common/RLduino78/libraries/SD/utility/Sd2Card.o
LOAD ./gr_common/RLduino78/libraries/SD/utility/SdFile.o
LOAD ./gr_common/RLduino78/libraries/SD/utility/SdVolume.o
LOAD ./gr_common/RLduino78/libraries/Servo/Servo.o
LOAD ./gr_common/RLduino78/libraries/SPI/SPI.o
LOAD ./gr_common/RLduino78/libraries/Stepper/Stepper.o
LOAD ./gr_common/RLduino78/libraries/USB_Host_Shield/Max3421e.o
LOAD ./gr_common/RLduino78/libraries/USB_Host_Shield/Usb.o
LOAD ./gr_common/RLduino78/libraries/Wire/Wire.o
LOAD ./gr_common/RLduino78/portable/e2studio/RL78/exception_handler.o
LOAD ./gr_common/RLduino78/cores/RLduino78_timer.o
LOAD ./gr_common/RLduino78/cores/avr/avrlib.o
LOAD ./gr_common/RLduino78/libraries/EEPROM/utility/data_flash_util.o
LOAD ./gr_common/RLduino78/libraries/Wire/utility/twi.o
LOAD ./gr_common/RLduino78/portable/e2studio/RL78/interrupt_handlers.o
LOAD ./gr_common/RLduino78/portable/e2studio/RL78/vector_table.o
LOAD ./gr_common/RLduino78/portable/e2studio/RL78/reset_program.o
LOAD ./gr_common/RLduino78/libraries/EEPROM/utility/pfdl.a

.vec            0x00000000        0x2
 *(.vec)
 .vec           0x00000000        0x2 ./gr_common/RLduino78/portable/e2studio/RL78/reset_program.o

.ivec           0x00000004       0x7c
 *(.ivec)
 .ivec          0x00000004       0x7c ./gr_common/RLduino78/portable/e2studio/RL78/vector_table.o
                0x00000004                Vectors
 .ivec          0x00000080        0x0 ./gr_common/RLduino78/portable/e2studio/RL78/reset_program.o

.opt            0x000000c0        0x4
 *(.opt)
 .opt           0x000000c0        0x4 ./gr_common/RLduino78/portable/e2studio/RL78/vector_table.o
                0x000000c0                Option_Bytes

.security_id    0x000000c4        0xa
 *(.security_id)
 .security_id   0x000000c4        0xa ./gr_common/RLduino78/portable/e2studio/RL78/vector_table.o
                0x000000c4                Security_Id

.csstart        0x000000d8        0x4
 *(.csstart)
 .csstart       0x000000d8        0x4 ./gr_common/RLduino78/portable/e2studio/RL78/reset_program.o
                0x000000d8                _csstart

.lowtext        0x000000dc      0x468
 *(.plt)
 .plt           0x000000dc      0x468 ./gr_sketch.o
                0x000003bc                .Lmul_hi.plt
 *(.lowtext)

.data           0x000faf90      0x4ac load address 0x00000544
                0x000faf90                . = ALIGN (0x2)
                0x000faf90                PROVIDE (__datastart, .)
 *(.jcr)
 .jcr           0x000faf90        0x0 C:/Renesas/e2studio/GNURL78v14.03-ELF/rl78-elf/lib/gcc/rl78-elf/4.8-GNURL78_v14.03/crtbegin.o
 .jcr           0x000faf90        0x2 C:/Renesas/e2studio/GNURL78v14.03-ELF/rl78-elf/lib/gcc/rl78-elf/4.8-GNURL78_v14.03/crtend.o
 *(.data.rel.ro.local)
 *(.data.rel.ro*)
 *(.dynamic)
 *(.data D .data.* .gnu.linkonce.d.*)
 .data.gSensor  0x000faf92        0x2 ./gr_sketch.o
                0x000faf92                gSensor
 .data._ZL1t    0x000faf94        0xc ./gr_sketch.o
 .data._ZL11g_u8TonePin
                0x000fafa0        0x1 ./gr_common/RLduino78/cores/RLduino78_basic.o
 .data._ZL8g_u8ADUL
                0x000fafa1        0x1 ./gr_common/RLduino78/cores/RLduino78_basic.o
 .data._ZN8SdVolume17cacheBlockNumber_E
                0x000fafa2        0x4 ./gr_common/RLduino78/libraries/SD/utility/SdVolume.o
                0x000fafa2                SdVolume::cacheBlockNumber_
 .data.g_servo_refresh_interval
                0x000fafa6        0x2 ./gr_common/RLduino78/libraries/Servo/Servo.o
                0x000fafa6                g_servo_refresh_interval
 .data          0x000fafa8        0x4 ./gr_common/RLduino78/portable/e2studio/RL78/reset_program.o
 .data._ZN10__cxxabiv120__unexpected_handlerE
                0x000fafac        0x2 C:/Renesas/e2studio/GNURL78v14.03-ELF/rl78-elf/rl78-elf/lib\libstdc++.a(eh_unex_handler.o)
                0x000fafac                __cxxabiv1::__unexpected_handler
 .data._ZN10__cxxabiv119__terminate_handlerE
                0x000fafae        0x2 C:/Renesas/e2studio/GNURL78v14.03-ELF/rl78-elf/rl78-elf/lib\libstdc++.a(eh_term_handler.o)
                0x000fafae                __cxxabiv1::__terminate_handler
 .data          0x000fafb0        0x2 C:/Renesas/e2studio/GNURL78v14.03-ELF/rl78-elf/rl78-elf/lib\libm.a(lib_a-s_lib_ver.o)
                0x000fafb0                __fdlib_version
 .data          0x000fafb2      0x260 C:/Renesas/e2studio/GNURL78v14.03-ELF/rl78-elf/rl78-elf/lib\libc.a(lib_a-impure.o)
                0x000fafb2                _impure_ptr
 .data          0x000fb212      0x22a C:/Renesas/e2studio/GNURL78v14.03-ELF/rl78-elf/rl78-elf/lib\libc.a(lib_a-mallocr.o)
                0x000fb212                __malloc_current_mallinfo
                0x000fb226                __malloc_max_total_mem
                0x000fb22a                __malloc_max_sbrked_mem
                0x000fb22e                __malloc_sbrk_base
                0x000fb230                __malloc_top_pad
                0x000fb234                __malloc_trim_threshold
                0x000fb238                __malloc_av_
 *reset_program.o(*.data)
 *(.gnu.linkonce.d.*personality*)
 *(.data1)
 *(.got.plt)
 *(.got)
                0x000fb43c                . = ALIGN (0x2)
 *(.sdata .sdata.* .gnu.linkonce.s.* D_2 D_1)
                0x000fb43c                . = ALIGN (0x2)
                0x000fb43c                _edata = .
                0x000fb43c                PROVIDE (edata, .)
                0x000fb43c                PROVIDE (__dataend, .)
                0x00000544                PROVIDE (__romdatastart, LOADADDR (.data))
                0x000004ac                PROVIDE (__romdatacopysize, SIZEOF (.data))

.tm_clone_table
                0x000fb43c        0x0 load address 0x000009f0
 .tm_clone_table
                0x000fb43c        0x0 C:/Renesas/e2studio/GNURL78v14.03-ELF/rl78-elf/lib/gcc/rl78-elf/4.8-GNURL78_v14.03/crtbegin.o
 .tm_clone_table
                0x000fb43c        0x0 C:/Renesas/e2studio/GNURL78v14.03-ELF/rl78-elf/lib/gcc/rl78-elf/4.8-GNURL78_v14.03/crtend.o

.bss            0x000fb43c      0xd16 load address 0x000009f0
                0x000fb43c                . = ALIGN (0x2)
                0x000fb43c                PROVIDE (__bssstart, .)
 *(.dynbss)
 *(.sbss .sbss.*)
 *(.bss B B_2 B_1 .bss.* .gnu.linkonce.b.*)
 .bss.gPrev     0x000fb43c        0x4 ./gr_sketch.o
                0x000fb43c                gPrev
 .bss.gNow      0x000fb440        0x4 ./gr_sketch.o
                0x000fb440                gNow
 .bss.gA6Repeat
                0x000fb444        0x4 ./gr_sketch.o
                0x000fb444                gA6Repeat
 .bss.time      0x000fb448        0x8 ./gr_sketch.o
                0x000fb448                time
 .bss.gColor    0x000fb450        0x2 ./gr_sketch.o
                0x000fb450                gColor
 .bss.gCurrent  0x000fb452        0x9 ./gr_sketch.o
                0x000fb452                gCurrent
 .bss.gModeChange
                0x000fb45b        0x1 ./gr_sketch.o
                0x000fb45b                gModeChange
 .bss.gMode     0x000fb45c        0x2 ./gr_sketch.o
                0x000fb45c                gMode
 .bss.Serial2   0x000fb45e       0x12 ./gr_common/RLduino78/cores/HardwareSerial.o
                0x000fb45e                Serial2
 .bss.Serial1   0x000fb470       0x12 ./gr_common/RLduino78/cores/HardwareSerial.o
                0x000fb470                Serial1
 .bss.Serial    0x000fb482       0x12 ./gr_common/RLduino78/cores/HardwareSerial.o
                0x000fb482                Serial
 .bss.tx_buffer2
                0x000fb494      0x104 ./gr_common/RLduino78/cores/HardwareSerial.o
                0x000fb494                tx_buffer2
 .bss.rx_buffer2
                0x000fb598      0x104 ./gr_common/RLduino78/cores/HardwareSerial.o
                0x000fb598                rx_buffer2
 .bss.tx_buffer1
                0x000fb69c      0x104 ./gr_common/RLduino78/cores/HardwareSerial.o
                0x000fb69c                tx_buffer1
 .bss.rx_buffer1
                0x000fb7a0      0x104 ./gr_common/RLduino78/cores/HardwareSerial.o
                0x000fb7a0                rx_buffer1
 .bss.tx_buffer
                0x000fb8a4      0x104 ./gr_common/RLduino78/cores/HardwareSerial.o
                0x000fb8a4                tx_buffer
 .bss.rx_buffer
                0x000fb9a8      0x104 ./gr_common/RLduino78/cores/HardwareSerial.o
                0x000fb9a8                rx_buffer
 .bss._ZL11INADDR_NONE
                0x000fbaac        0x6 ./gr_common/RLduino78/cores/IPAddress.o
 .bss._ZL7g_SwPwm
                0x000fbab2       0x18 ./gr_common/RLduino78/cores/RLduino78_basic.o
 .bss._ZL19g_u8SwPwmTicksCount
                0x000fbaca        0x1 ./gr_common/RLduino78/cores/RLduino78_basic.o
 *fill*         0x000fbacb        0x1 
 .bss._ZL20g_CyclicHandlerTable
                0x000fbacc       0x70 ./gr_common/RLduino78/cores/RLduino78_basic.o
 .bss._ZL22g_afInterruptFuncTable
                0x000fbb3c        0x4 ./gr_common/RLduino78/cores/RLduino78_basic.o
 .bss._ZL23g_u32ToneInterruptCount
                0x000fbb40        0x4 ./gr_common/RLduino78/cores/RLduino78_basic.o
 .bss._ZL17g_u32ToneDuration
                0x000fbb44        0x4 ./gr_common/RLduino78/cores/RLduino78_basic.o
 .bss._ZL14g_u8ToneToggle
                0x000fbb48        0x1 ./gr_common/RLduino78/cores/RLduino78_basic.o
 .bss._ZL19g_bAdcInterruptFlag
                0x000fbb49        0x1 ./gr_common/RLduino78/cores/RLduino78_basic.o
 .bss._ZL8g_u8ADLL
                0x000fbb4a        0x1 ./gr_common/RLduino78/cores/RLduino78_basic.o
 .bss._ZL19g_u8AnalogReference
                0x000fbb4b        0x1 ./gr_common/RLduino78/cores/RLduino78_basic.o
 .bss._ZL22g_u8OperationClockMode
                0x000fbb4c        0x1 ./gr_common/RLduino78/cores/RLduino78_basic.o
 .bss._ZL23g_u8PowerManagementMode
                0x000fbb4d        0x1 ./gr_common/RLduino78/cores/RLduino78_basic.o
 .bss._ZL29g_u8AnalogWriteAvailableTable
                0x000fbb4e       0x19 ./gr_common/RLduino78/cores/RLduino78_basic.o
 .bss.g_u8ResetFlag
                0x000fbb67        0x1 ./gr_common/RLduino78/cores/RLduino78_main.o
                0x000fbb67                g_u8ResetFlag
 .bss._ZL23g_RTCConstantPeriodTime
                0x000fbb68        0x2 ./gr_common/RLduino78/cores/RLduino78_RTC.o
 .bss._ZL33g_fRTCConstantPeriodInterruptFunc
                0x000fbb6a        0x2 ./gr_common/RLduino78/cores/RLduino78_RTC.o
 .bss._ZL19g_fRTCInterruptFunc
                0x000fbb6c        0x2 ./gr_common/RLduino78/cores/RLduino78_RTC.o
 .bss._ZL11INADDR_NONE
                0x000fbb6e        0x6 ./gr_common/RLduino78/libraries/Ethernet/Dhcp.o
 .bss._ZL11INADDR_NONE
                0x000fbb74        0x6 ./gr_common/RLduino78/libraries/Ethernet/Dns.o
 .bss.Ethernet  0x000fbb7a        0x8 ./gr_common/RLduino78/libraries/Ethernet/Ethernet.o
                0x000fbb7a                Ethernet
 .bss._ZL11INADDR_NONE
                0x000fbb82        0x6 ./gr_common/RLduino78/libraries/Ethernet/Ethernet.o
 .bss._ZL11INADDR_NONE
                0x000fbb88        0x6 ./gr_common/RLduino78/libraries/Ethernet/EthernetClient.o
 .bss._ZL11INADDR_NONE
                0x000fbb8e        0x6 ./gr_common/RLduino78/libraries/Ethernet/EthernetServer.o
 .bss._ZL11INADDR_NONE
                0x000fbb94        0x6 ./gr_common/RLduino78/libraries/Ethernet/EthernetUdp.o
 .bss._ZL11INADDR_NONE
                0x000fbb9a        0x6 ./gr_common/RLduino78/libraries/Ethernet/Twitter.o
 .bss.Firmata   0x000fbba0       0x3c ./gr_common/RLduino78/libraries/Firmata/Firmata.o
                0x000fbba0                Firmata
 .bss.SD        0x000fbbdc       0x50 ./gr_common/RLduino78/libraries/SD/SD.o
                0x000fbbdc                SD
 .bss._ZN6SdFile9dateTime_E
                0x000fbc2c        0x2 ./gr_common/RLduino78/libraries/SD/utility/SdFile.o
                0x000fbc2c                SdFile::dateTime_
 .bss._ZN8SdVolume17cacheMirrorBlock_E
                0x000fbc2e        0x4 ./gr_common/RLduino78/libraries/SD/utility/SdVolume.o
                0x000fbc2e                SdVolume::cacheMirrorBlock_
 .bss._ZN8SdVolume11cacheDirty_E
                0x000fbc32        0x1 ./gr_common/RLduino78/libraries/SD/utility/SdVolume.o
                0x000fbc32                SdVolume::cacheDirty_
 *fill*         0x000fbc33        0x1 
 .bss._ZN8SdVolume7sdCard_E
                0x000fbc34        0x2 ./gr_common/RLduino78/libraries/SD/utility/SdVolume.o
                0x000fbc34                SdVolume::sdCard_
 .bss._ZN8SdVolume12cacheBuffer_E
                0x000fbc36      0x206 ./gr_common/RLduino78/libraries/SD/utility/SdVolume.o
                0x000fbc36                SdVolume::cacheBuffer_
 .bss.totalTicks
                0x000fbe3c        0x2 ./gr_common/RLduino78/libraries/Servo/Servo.o
                0x000fbe3c                totalTicks
 .bss.ServoCount
                0x000fbe3e        0x1 ./gr_common/RLduino78/libraries/Servo/Servo.o
                0x000fbe3e                ServoCount
 .bss._ZL7Channel
                0x000fbe3f        0x1 ./gr_common/RLduino78/libraries/Servo/Servo.o
 .bss._ZL6servos
                0x000fbe40       0x30 ./gr_common/RLduino78/libraries/Servo/Servo.o
 .bss.Wire      0x000fbe70        0xc ./gr_common/RLduino78/libraries/Wire/Wire.o
                0x000fbe70                Wire
 .bss._ZN7TwoWire12transmittingE
                0x000fbe7c        0x1 ./gr_common/RLduino78/libraries/Wire/Wire.o
                0x000fbe7c                TwoWire::transmitting
 .bss._ZN7TwoWire14txBufferLengthE
                0x000fbe7d        0x1 ./gr_common/RLduino78/libraries/Wire/Wire.o
                0x000fbe7d                TwoWire::txBufferLength
 .bss._ZN7TwoWire13txBufferIndexE
                0x000fbe7e        0x1 ./gr_common/RLduino78/libraries/Wire/Wire.o
                0x000fbe7e                TwoWire::txBufferIndex
 .bss._ZN7TwoWire8txBufferE
                0x000fbe7f       0x20 ./gr_common/RLduino78/libraries/Wire/Wire.o
                0x000fbe7f                TwoWire::txBuffer
 .bss._ZN7TwoWire14rxBufferLengthE
                0x000fbe9f        0x1 ./gr_common/RLduino78/libraries/Wire/Wire.o
                0x000fbe9f                TwoWire::rxBufferLength
 .bss._ZN7TwoWire13rxBufferIndexE
                0x000fbea0        0x1 ./gr_common/RLduino78/libraries/Wire/Wire.o
                0x000fbea0                TwoWire::rxBufferIndex
 .bss._ZN7TwoWire8rxBufferE
                0x000fbea1       0x20 ./gr_common/RLduino78/libraries/Wire/Wire.o
                0x000fbea1                TwoWire::rxBuffer
 *fill*         0x000fbec1        0x1 
 .bss.g_fITInterruptFunc
                0x000fbec2        0x2 ./gr_common/RLduino78/cores/RLduino78_timer.o
                0x000fbec2                g_fITInterruptFunc
 .bss.g_timer05_overflow_count
                0x000fbec4        0x4 ./gr_common/RLduino78/cores/RLduino78_timer.o
                0x000fbec4                g_timer05_overflow_count
 .bss.g_u32delay_timer
                0x000fbec8        0x4 ./gr_common/RLduino78/cores/RLduino78_timer.o
                0x000fbec8                g_u32delay_timer
 .bss.g_u32timer_millis
                0x000fbecc        0x4 ./gr_common/RLduino78/cores/RLduino78_timer.o
                0x000fbecc                g_u32timer_millis
 .bss.i2cSlaveReciver
                0x000fbed0        0x1 ./gr_common/RLduino78/libraries/Wire/utility/twi.o
 .bss.i2cStop   0x000fbed1        0x1 ./gr_common/RLduino78/libraries/Wire/utility/twi.o
 .bss.twi_error
                0x000fbed2        0x1 ./gr_common/RLduino78/libraries/Wire/utility/twi.o
 .bss.twi_rxBufferIndex
                0x000fbed3        0x1 ./gr_common/RLduino78/libraries/Wire/utility/twi.o
 .bss.twi_rxBuffer
                0x000fbed4       0x20 ./gr_common/RLduino78/libraries/Wire/utility/twi.o
 .bss.twi_txBufferLength
                0x000fbef4        0x1 ./gr_common/RLduino78/libraries/Wire/utility/twi.o
 .bss.twi_txBufferIndex
                0x000fbef5        0x1 ./gr_common/RLduino78/libraries/Wire/utility/twi.o
 .bss.twi_txBuffer
                0x000fbef6       0x20 ./gr_common/RLduino78/libraries/Wire/utility/twi.o
 .bss.twi_masterBufferLength
                0x000fbf16        0x1 ./gr_common/RLduino78/libraries/Wire/utility/twi.o
 .bss.twi_masterBufferIndex
                0x000fbf17        0x1 ./gr_common/RLduino78/libraries/Wire/utility/twi.o
 .bss.twi_masterBuffer
                0x000fbf18       0x20 ./gr_common/RLduino78/libraries/Wire/utility/twi.o
 .bss.twi_onSlaveReceive
                0x000fbf38        0x2 ./gr_common/RLduino78/libraries/Wire/utility/twi.o
 .bss.twi_onSlaveTransmit
                0x000fbf3a        0x2 ./gr_common/RLduino78/libraries/Wire/utility/twi.o
 .bss.twi_inRepStart
                0x000fbf3c        0x1 ./gr_common/RLduino78/libraries/Wire/utility/twi.o
 .bss.twi_sendStop
                0x000fbf3d        0x1 ./gr_common/RLduino78/libraries/Wire/utility/twi.o
 .bss.twi_state
                0x000fbf3e        0x1 ./gr_common/RLduino78/libraries/Wire/utility/twi.o
 *fill*         0x000fbf3f        0x1 
 .bss.INT_TM_HOOK
                0x000fbf40        0x2 ./gr_common/RLduino78/portable/e2studio/RL78/interrupt_handlers.o
                0x000fbf40                INT_TM_HOOK
 .bss           0x000fbf42        0x0 ./gr_common/RLduino78/portable/e2studio/RL78/reset_program.o
 .bss           0x000fbf42        0x4 C:/Renesas/e2studio/GNURL78v14.03-ELF/rl78-elf/lib/gcc/rl78-elf/4.8-GNURL78_v14.03/crtbegin.o
 .bss._ZL14emergency_used
                0x000fbf46        0x2 C:/Renesas/e2studio/GNURL78v14.03-ELF/rl78-elf/rl78-elf/lib\libstdc++.a(eh_alloc.o)
 .bss._ZL16emergency_buffer
                0x000fbf48      0x200 C:/Renesas/e2studio/GNURL78v14.03-ELF/rl78-elf/rl78-elf/lib\libstdc++.a(eh_alloc.o)
 .bss._ZL10eh_globals
                0x000fc148        0x4 C:/Renesas/e2studio/GNURL78v14.03-ELF/rl78-elf/rl78-elf/lib\libstdc++.a(eh_globals.o)
 .bss.fc_static
                0x000fc14c        0x2 C:/Renesas/e2studio/GNURL78v14.03-ELF/rl78-elf/lib/gcc/rl78-elf/4.8-GNURL78_v14.03\libgcc.a(unwind-sjlj.o)
 .bss           0x000fc14e        0x2 C:/Renesas/e2studio/GNURL78v14.03-ELF/rl78-elf/rl78-elf/lib\libnosys.a(sbrk.o)
 *reset_program.o(.bss)
                0x000fc150                . = ALIGN (0x2)
 *(COMMON)
 COMMON         0x000fc150        0x2 C:/Renesas/e2studio/GNURL78v14.03-ELF/rl78-elf/rl78-elf/lib\libnosys.a(errno.o)
                0x000fc150                errno
                0x000fc152                . = ALIGN (0x2)
                0x000fc152                PROVIDE (__bssend, .)
                0x000fc152                _end = .
                0x000fc152                PROVIDE (end, .)
                0x00000d16                PROVIDE (__bsssize, SIZEOF (.bss))

.stack          0x000ffe00        0x0
                0x000ffe00                PROVIDE (__stack, .)
 *(.stack)

.rodata         0x00003000      0x8b4
                0x00003000                . = ALIGN (0x2)
 *(.plt)
 *(.rodata C C_2 C_1 .rodata.* .gnu.linkonce.r.*)
 .rodata        0x00003000        0x8 ./gr_sketch.o
 .rodata._ZL3cfg
                0x00003008       0x18 ./gr_sketch.o
 .rodata._ZTI6Stream
                0x00003020        0x6 ./gr_common/RLduino78/cores/HardwareSerial.o
                0x00003020                typeinfo for Stream
 .rodata._ZTS6Stream
                0x00003026        0x8 ./gr_common/RLduino78/cores/HardwareSerial.o
                0x00003026                typeinfo name for Stream
 .rodata._ZTS14HardwareSerial
                0x0000302e       0x11 ./gr_common/RLduino78/cores/HardwareSerial.o
                0x0000302e                typeinfo name for HardwareSerial
 *fill*         0x0000303f        0x1 
 .rodata._ZTI14HardwareSerial
                0x00003040        0x6 ./gr_common/RLduino78/cores/HardwareSerial.o
                0x00003040                typeinfo for HardwareSerial
 .rodata._ZTV14HardwareSerial
                0x00003046       0x10 ./gr_common/RLduino78/cores/HardwareSerial.o
                0x00003046                vtable for HardwareSerial
 .rodata._ZTI9Printable
                0x00003056        0x4 ./gr_common/RLduino78/cores/IPAddress.o
                0x00003056                typeinfo for Printable
 .rodata._ZTS9Printable
                0x0000305a        0xb ./gr_common/RLduino78/cores/IPAddress.o
                0x0000305a                typeinfo name for Printable
 .rodata._ZTS9IPAddress
                0x00003065        0xb ./gr_common/RLduino78/cores/IPAddress.o
                0x00003065                typeinfo name for IPAddress
 .rodata._ZTI9IPAddress
                0x00003070        0x6 ./gr_common/RLduino78/cores/IPAddress.o
                0x00003070                typeinfo for IPAddress
 .rodata._ZTV9IPAddress
                0x00003076        0x6 ./gr_common/RLduino78/cores/IPAddress.o
                0x00003076                vtable for IPAddress
 .rodata._ZTS5Print
                0x0000307c        0x7 ./gr_common/RLduino78/cores/Print.o
                0x0000307c                typeinfo name for Print
 *fill*         0x00003083        0x1 
 .rodata._ZTI5Print
                0x00003084        0x4 ./gr_common/RLduino78/cores/Print.o
                0x00003084                typeinfo for Print
 .rodata._ZL19g_au8AnalogPinTable
                0x00003088        0x8 ./gr_common/RLduino78/cores/RLduino78_basic.o
 .rodata.PinTable
                0x00003090      0x15e ./gr_common/RLduino78/cores/RLduino78_basic.o
                0x00003090                PinTable
 .rodata._ZTS6SdFile
                0x000031ee        0x8 ./gr_common/RLduino78/libraries/SD/utility/SdFile.o
                0x000031ee                typeinfo name for SdFile
 .rodata._ZTI6SdFile
                0x000031f6        0x6 ./gr_common/RLduino78/libraries/SD/utility/SdFile.o
                0x000031f6                typeinfo for SdFile
 .rodata._ZTV6SdFile
                0x000031fc        0x8 ./gr_common/RLduino78/libraries/SD/utility/SdFile.o
                0x000031fc                vtable for SdFile
 .rodata._ZTS7TwoWire
                0x00003204        0x9 ./gr_common/RLduino78/libraries/Wire/Wire.o
                0x00003204                typeinfo name for TwoWire
 *fill*         0x0000320d        0x1 
 .rodata._ZTI7TwoWire
                0x0000320e        0x6 ./gr_common/RLduino78/libraries/Wire/Wire.o
                0x0000320e                typeinfo for TwoWire
 .rodata._ZTV7TwoWire
                0x00003214       0x10 ./gr_common/RLduino78/libraries/Wire/Wire.o
                0x00003214                vtable for TwoWire
 .rodata._ZTSN10__cxxabiv120__si_class_type_infoE
                0x00003224       0x25 C:/Renesas/e2studio/GNURL78v14.03-ELF/rl78-elf/rl78-elf/lib\libstdc++.a(si_class_type_info.o)
                0x00003224                typeinfo name for __cxxabiv1::__si_class_type_info
 *fill*         0x00003249        0x1 
 .rodata._ZTIN10__cxxabiv120__si_class_type_infoE
                0x0000324a        0x6 C:/Renesas/e2studio/GNURL78v14.03-ELF/rl78-elf/rl78-elf/lib\libstdc++.a(si_class_type_info.o)
                0x0000324a                typeinfo for __cxxabiv1::__si_class_type_info
 .rodata._ZTVN10__cxxabiv120__si_class_type_infoE
                0x00003250       0x16 C:/Renesas/e2studio/GNURL78v14.03-ELF/rl78-elf/rl78-elf/lib\libstdc++.a(si_class_type_info.o)
                0x00003250                vtable for __cxxabiv1::__si_class_type_info
 .rodata._ZTSN10__cxxabiv117__class_type_infoE
                0x00003266       0x22 C:/Renesas/e2studio/GNURL78v14.03-ELF/rl78-elf/rl78-elf/lib\libstdc++.a(class_type_info.o)
                0x00003266                typeinfo name for __cxxabiv1::__class_type_info
 .rodata._ZTIN10__cxxabiv117__class_type_infoE
                0x00003288        0x6 C:/Renesas/e2studio/GNURL78v14.03-ELF/rl78-elf/rl78-elf/lib\libstdc++.a(class_type_info.o)
                0x00003288                typeinfo for __cxxabiv1::__class_type_info
 .rodata._ZTVN10__cxxabiv117__class_type_infoE
                0x0000328e       0x16 C:/Renesas/e2studio/GNURL78v14.03-ELF/rl78-elf/rl78-elf/lib\libstdc++.a(class_type_info.o)
                0x0000328e                vtable for __cxxabiv1::__class_type_info
 .rodata        0x000032a4       0x22 C:/Renesas/e2studio/GNURL78v14.03-ELF/rl78-elf/rl78-elf/lib\libstdc++.a(eh_exception.o)
 .rodata._ZTSSt9exception
                0x000032c6        0xd C:/Renesas/e2studio/GNURL78v14.03-ELF/rl78-elf/rl78-elf/lib\libstdc++.a(eh_exception.o)
                0x000032c6                typeinfo name for std::exception
 *fill*         0x000032d3        0x1 
 .rodata._ZTISt9exception
                0x000032d4        0x4 C:/Renesas/e2studio/GNURL78v14.03-ELF/rl78-elf/rl78-elf/lib\libstdc++.a(eh_exception.o)
                0x000032d4                typeinfo for std::exception
 .rodata._ZTSSt13bad_exception
                0x000032d8       0x12 C:/Renesas/e2studio/GNURL78v14.03-ELF/rl78-elf/rl78-elf/lib\libstdc++.a(eh_exception.o)
                0x000032d8                typeinfo name for std::bad_exception
 .rodata._ZTISt13bad_exception
                0x000032ea        0x6 C:/Renesas/e2studio/GNURL78v14.03-ELF/rl78-elf/rl78-elf/lib\libstdc++.a(eh_exception.o)
                0x000032ea                typeinfo for std::bad_exception
 .rodata._ZTSN10__cxxabiv115__forced_unwindE
                0x000032f0       0x20 C:/Renesas/e2studio/GNURL78v14.03-ELF/rl78-elf/rl78-elf/lib\libstdc++.a(eh_exception.o)
                0x000032f0                typeinfo name for __cxxabiv1::__forced_unwind
 .rodata._ZTIN10__cxxabiv115__forced_unwindE
                0x00003310        0x4 C:/Renesas/e2studio/GNURL78v14.03-ELF/rl78-elf/rl78-elf/lib\libstdc++.a(eh_exception.o)
                0x00003310                typeinfo for __cxxabiv1::__forced_unwind
 .rodata._ZTSN10__cxxabiv119__foreign_exceptionE
                0x00003314       0x24 C:/Renesas/e2studio/GNURL78v14.03-ELF/rl78-elf/rl78-elf/lib\libstdc++.a(eh_exception.o)
                0x00003314                typeinfo name for __cxxabiv1::__foreign_exception
 .rodata._ZTIN10__cxxabiv119__foreign_exceptionE
                0x00003338        0x4 C:/Renesas/e2studio/GNURL78v14.03-ELF/rl78-elf/rl78-elf/lib\libstdc++.a(eh_exception.o)
                0x00003338                typeinfo for __cxxabiv1::__foreign_exception
 .rodata._ZTVSt9exception
                0x0000333c        0xa C:/Renesas/e2studio/GNURL78v14.03-ELF/rl78-elf/rl78-elf/lib\libstdc++.a(eh_exception.o)
                0x0000333c                vtable for std::exception
 .rodata._ZTVSt13bad_exception
                0x00003346        0xa C:/Renesas/e2studio/GNURL78v14.03-ELF/rl78-elf/rl78-elf/lib\libstdc++.a(eh_exception.o)
                0x00003346                vtable for std::bad_exception
 .rodata._ZTSSt9type_info
                0x00003350        0xd C:/Renesas/e2studio/GNURL78v14.03-ELF/rl78-elf/rl78-elf/lib\libstdc++.a(tinfo.o)
                0x00003350                typeinfo name for std::type_info
 *fill*         0x0000335d        0x1 
 .rodata._ZTISt9type_info
                0x0000335e        0x4 C:/Renesas/e2studio/GNURL78v14.03-ELF/rl78-elf/rl78-elf/lib\libstdc++.a(tinfo.o)
                0x0000335e                typeinfo for std::type_info
 .rodata._ZTVSt9type_info
                0x00003362       0x10 C:/Renesas/e2studio/GNURL78v14.03-ELF/rl78-elf/rl78-elf/lib\libstdc++.a(tinfo.o)
                0x00003362                vtable for std::type_info
 .rodata        0x00003372        0x6 C:/Renesas/e2studio/GNURL78v14.03-ELF/rl78-elf/rl78-elf/lib\libm.a(lib_a-wf_fmod.o)
 .rodata        0x00003378        0x8 C:/Renesas/e2studio/GNURL78v14.03-ELF/rl78-elf/rl78-elf/lib\libm.a(lib_a-ef_fmod.o)
 .rodata        0x00003380      0x398 C:/Renesas/e2studio/GNURL78v14.03-ELF/rl78-elf/rl78-elf/lib\libm.a(lib_a-ef_rem_pio2.o)
 .rodata        0x00003718       0x32 C:/Renesas/e2studio/GNURL78v14.03-ELF/rl78-elf/rl78-elf/lib\libm.a(lib_a-kf_rem_pio2.o)
 .rodata        0x0000374a        0x4 C:/Renesas/e2studio/GNURL78v14.03-ELF/rl78-elf/rl78-elf/lib\libc.a(lib_a-impure.o)
                0x0000374a                _global_impure_ptr
 .rodata.__thenan_sf
                0x0000374e        0xa C:/Renesas/e2studio/GNURL78v14.03-ELF/rl78-elf/lib/gcc/rl78-elf/4.8-GNURL78_v14.03\libgcc.a(_thenan_sf.o)
                0x0000374e                __thenan_sf
 .rodata.__clz_tab
                0x00003758      0x100 C:/Renesas/e2studio/GNURL78v14.03-ELF/rl78-elf/lib/gcc/rl78-elf/4.8-GNURL78_v14.03\libgcc.a(_clz.o)
                0x00003758                __clz_tab
 *(.rodata1)
 *(.eh_frame_hdr)
 *(.eh_frame)
 *(.gcc_except_table)
 *(.gcc_except_table.*)
 .gcc_except_table._ZN10__cxxabiv111__terminateEPFvvE
                0x00003858       0x18 C:/Renesas/e2studio/GNURL78v14.03-ELF/rl78-elf/rl78-elf/lib\libstdc++.a(eh_terminate.o)
 .gcc_except_table.__gxx_personality_sj0
                0x00003870       0x10 C:/Renesas/e2studio/GNURL78v14.03-ELF/rl78-elf/rl78-elf/lib\libstdc++.a(eh_personality.o)
 .gcc_except_table.__cxa_call_unexpected
                0x00003880       0x10 C:/Renesas/e2studio/GNURL78v14.03-ELF/rl78-elf/rl78-elf/lib\libstdc++.a(eh_personality.o)
                0x00003890                PROVIDE (__preinit_array_start, .)
 *(.preinit_array)
                0x00003890                PROVIDE (__preinit_array_end, .)
                0x00003890                PROVIDE (__init_array_start, .)
 *(SORT(.init_array.*))
 *(.init_array)
                0x00003890                PROVIDE (__init_array_end, .)
                0x00003890                PROVIDE (__fini_array_start, .)
 *(.fini_array)
 *(SORT(.fini_array.*))
                0x00003890                PROVIDE (__fini_array_end, .)
                0x00003890        0x4 LONG 0x0
 *crtbegin*.o(.ctors)
 .ctors         0x00003894        0x2 C:/Renesas/e2studio/GNURL78v14.03-ELF/rl78-elf/lib/gcc/rl78-elf/4.8-GNURL78_v14.03/crtbegin.o
 *(EXCLUDE_FILE(*crtend*.o) .ctors)
 .ctors         0x00003896        0x2 ./gr_common/RLduino78/cores/HardwareSerial.o
 .ctors         0x00003898        0x2 ./gr_common/RLduino78/cores/IPAddress.o
 .ctors         0x0000389a        0x2 ./gr_common/RLduino78/libraries/Ethernet/Dhcp.o
 .ctors         0x0000389c        0x2 ./gr_common/RLduino78/libraries/Ethernet/Dns.o
 .ctors         0x0000389e        0x2 ./gr_common/RLduino78/libraries/Ethernet/Ethernet.o
 .ctors         0x000038a0        0x2 ./gr_common/RLduino78/libraries/Ethernet/EthernetClient.o
 .ctors         0x000038a2        0x2 ./gr_common/RLduino78/libraries/Ethernet/EthernetServer.o
 .ctors         0x000038a4        0x2 ./gr_common/RLduino78/libraries/Ethernet/EthernetUdp.o
 .ctors         0x000038a6        0x2 ./gr_common/RLduino78/libraries/Ethernet/Twitter.o
 .ctors         0x000038a8        0x2 ./gr_common/RLduino78/libraries/Firmata/Firmata.o
 .ctors         0x000038aa        0x2 ./gr_common/RLduino78/libraries/SD/SD.o
 .ctors         0x000038ac        0x2 ./gr_common/RLduino78/libraries/Wire/Wire.o
 *(SORT(.ctors.*))
 *(.ctors)
 .ctors         0x000038ae        0x2 C:/Renesas/e2studio/GNURL78v14.03-ELF/rl78-elf/lib/gcc/rl78-elf/4.8-GNURL78_v14.03/crtend.o
 *crtbegin*.o(.dtors)
 .dtors         0x000038b0        0x2 C:/Renesas/e2studio/GNURL78v14.03-ELF/rl78-elf/lib/gcc/rl78-elf/4.8-GNURL78_v14.03/crtbegin.o
 *(EXCLUDE_FILE(*crtend*.o) .dtors)
 *(SORT(.dtors.*))
 *(.dtors)
 .dtors         0x000038b2        0x2 C:/Renesas/e2studio/GNURL78v14.03-ELF/rl78-elf/lib/gcc/rl78-elf/4.8-GNURL78_v14.03/crtend.o
                0x000038b2                __DTOR_END__

.text           0x000038b4     0xf106
                0x000038b4                PROVIDE (_start, .)
 *(.text P .stub .text.* .gnu.linkonce.t.*)
 .text._Z15IntHdrCyclic1msm
                0x000038b4       0x4b ./gr_sketch.o
                0x000038b4                IntHdrCyclic1ms(unsigned long)
 .text._Z11sendLedDatahhh
                0x000038ff      0x63d ./gr_sketch.o
                0x000038ff                sendLedData(unsigned char, unsigned char, unsigned char)
 .text._Z14set_next_alarmv
                0x00003f3c       0x6d ./gr_sketch.o
                0x00003f3c                set_next_alarm()
 .text._Z13alarm_handlerv
                0x00003fa9       0x1a ./gr_sketch.o
                0x00003fa9                alarm_handler()
 .text._Z22ReadSens_and_Conditionv
                0x00003fc3       0x41 ./gr_sketch.o
                0x00003fc3                ReadSens_and_Condition()
 .text._Z22senseRequestModeChangev
                0x00004004       0xe0 ./gr_sketch.o
                0x00004004                senseRequestModeChange()
 .text._Z21waitRequestModeChangev
                0x000040e4       0x3e ./gr_sketch.o
                0x000040e4                waitRequestModeChange()
 .text.loop     0x00004122      0x71c ./gr_sketch.o
                0x00004122                loop
 .text.setup    0x0000483e      0x13b ./gr_sketch.o
                0x0000483e                setup
 .text._ZN14HardwareSerial9availableEv
                0x00004979       0x26 ./gr_common/RLduino78/cores/HardwareSerial.o
                0x00004979                HardwareSerial::available()
 .text._ZN14HardwareSerial4peekEv
                0x0000499f       0x44 ./gr_common/RLduino78/cores/HardwareSerial.o
                0x0000499f                HardwareSerial::peek()
 .text._ZN14HardwareSerial4readEv
                0x000049e3       0x5b ./gr_common/RLduino78/cores/HardwareSerial.o
                0x000049e3                HardwareSerial::read()
 .text._ZN14HardwareSerial5writeEh
                0x00004a3e      0x12d ./gr_common/RLduino78/cores/HardwareSerial.o
                0x00004a3e                HardwareSerial::write(unsigned char)
 .text._ZN14HardwareSerial5flushEv
                0x00004b6b       0x9c ./gr_common/RLduino78/cores/HardwareSerial.o
                0x00004b6b                HardwareSerial::flush()
 .text._Z10store_charhP11ring_buffer
                0x00004c07       0x43 ./gr_common/RLduino78/cores/HardwareSerial.o
                0x00004c07                store_char(unsigned char, ring_buffer*)
 .text.uart_rx_interrupt
                0x00004c4a       0x13 ./gr_common/RLduino78/cores/HardwareSerial.o
                0x00004c4a                uart_rx_interrupt
 .text.uart1_rx_interrupt
                0x00004c5d       0x13 ./gr_common/RLduino78/cores/HardwareSerial.o
                0x00004c5d                uart1_rx_interrupt
 .text.uart2_rx_interrupt
                0x00004c70       0x13 ./gr_common/RLduino78/cores/HardwareSerial.o
                0x00004c70                uart2_rx_interrupt
 .text.uart_tx_interrupt
                0x00004c83       0x31 ./gr_common/RLduino78/cores/HardwareSerial.o
                0x00004c83                uart_tx_interrupt
 .text.uart1_tx_interrupt
                0x00004cb4       0x31 ./gr_common/RLduino78/cores/HardwareSerial.o
                0x00004cb4                uart1_tx_interrupt
 .text.uart2_tx_interrupt
                0x00004ce5       0x31 ./gr_common/RLduino78/cores/HardwareSerial.o
                0x00004ce5                uart2_tx_interrupt
 .text.uart_error_interrupt
                0x00004d16        0xa ./gr_common/RLduino78/cores/HardwareSerial.o
                0x00004d16                uart_error_interrupt
 .text.uart1_error_interrupt
                0x00004d20        0xa ./gr_common/RLduino78/cores/HardwareSerial.o
                0x00004d20                uart1_error_interrupt
 .text.uart2_error_interrupt
                0x00004d2a        0xa ./gr_common/RLduino78/cores/HardwareSerial.o
                0x00004d2a                uart2_error_interrupt
 .text._ZN14HardwareSerial10uart_init1Ev
                0x00004d34      0x108 ./gr_common/RLduino78/cores/HardwareSerial.o
                0x00004d34                HardwareSerial::uart_init1()
 .text._ZN14HardwareSerial10uart_init2Ev
                0x00004e3c       0xfe ./gr_common/RLduino78/cores/HardwareSerial.o
                0x00004e3c                HardwareSerial::uart_init2()
 .text._ZN14HardwareSerial5beginEm
                0x00004f3a      0x1a3 ./gr_common/RLduino78/cores/HardwareSerial.o
                0x00004f3a                HardwareSerial::begin(unsigned long)
 .text.startup._GLOBAL__sub_I_rx_buffer
                0x000050dd       0x80 ./gr_common/RLduino78/cores/HardwareSerial.o
 .text._ZNK9IPAddress7printToER5Print
                0x0000515d       0x7f ./gr_common/RLduino78/cores/IPAddress.o
                0x0000515d                IPAddress::printTo(Print&) const
 .text._ZN9IPAddressC2Ev
                0x000051dc       0x26 ./gr_common/RLduino78/cores/IPAddress.o
                0x000051dc                IPAddress::IPAddress()
                0x000051dc                IPAddress::IPAddress()
 .text._ZN9IPAddressC2Ehhhh
                0x00005202       0x25 ./gr_common/RLduino78/cores/IPAddress.o
                0x00005202                IPAddress::IPAddress(unsigned char, unsigned char, unsigned char, unsigned char)
                0x00005202                IPAddress::IPAddress(unsigned char, unsigned char, unsigned char, unsigned char)
 .text.startup._GLOBAL__sub_I__ZN9IPAddressC2Ev
                0x00005227       0x1a ./gr_common/RLduino78/cores/IPAddress.o
 .text._ZN5Print5writeEPKhj
                0x00005241       0x5a ./gr_common/RLduino78/cores/Print.o
                0x00005241                Print::write(unsigned char const*, unsigned int)
 .text._ZN5Print5writeEPKc
                0x0000529b       0x49 ./gr_common/RLduino78/cores/Print.o
                0x0000529b                Print::write(char const*)
 .text._ZN5Print5printEc
                0x000052e4       0x25 ./gr_common/RLduino78/cores/Print.o
                0x000052e4                Print::print(char)
 .text._ZN5Print7printlnEv
                0x00005309       0x35 ./gr_common/RLduino78/cores/Print.o
                0x00005309                Print::println()
 .text._ZN5Print7printlnEPKc
                0x0000533e       0x31 ./gr_common/RLduino78/cores/Print.o
                0x0000533e                Print::println(char const*)
 .text._ZN5Print11printNumberEmh
                0x0000536f       0xc7 ./gr_common/RLduino78/cores/Print.o
                0x0000536f                Print::printNumber(unsigned long, unsigned char)
 .text._ZN5Print5printEmi
                0x00005436       0x5e ./gr_common/RLduino78/cores/Print.o
                0x00005436                Print::print(unsigned long, int)
 .text._ZN5Print5printEhi
                0x00005494       0x1e ./gr_common/RLduino78/cores/Print.o
                0x00005494                Print::print(unsigned char, int)
 .text._ZL17_stopTimerChannelh
                0x000054b2      0x105 ./gr_common/RLduino78/cores/RLduino78_basic.o
 .text._ZL24enterPowerManagementModem
                0x000055b7       0xd7 ./gr_common/RLduino78/cores/RLduino78_basic.o
 .text._ZL9_stopTAU0v
                0x0000568e       0x20 ./gr_common/RLduino78/cores/RLduino78_basic.o
 .text._Z20initArduinoFrameworkv
                0x000056ae        0x5 ./gr_common/RLduino78/cores/RLduino78_basic.o
                0x000056ae                initArduinoFramework()
 .text._Z22setPowerManagementModehtt
                0x000056b3       0xb7 ./gr_common/RLduino78/cores/RLduino78_basic.o
                0x000056b3                setPowerManagementMode(unsigned char, unsigned short, unsigned short)
 .text._Z26attachIntervalTimerHandlerPFvmE
                0x0000576a        0x6 ./gr_common/RLduino78/cores/RLduino78_basic.o
                0x0000576a                attachIntervalTimerHandler(void (*)(unsigned long))
 .text._Z26detachIntervalTimerHandlerv
                0x00005770        0x5 ./gr_common/RLduino78/cores/RLduino78_basic.o
                0x00005770                detachIntervalTimerHandler()
 .text.millis   0x00005775       0x20 ./gr_common/RLduino78/cores/RLduino78_basic.o
                0x00005775                millis
 .text._Z17execCyclicHandlerv
                0x00005795       0xb5 ./gr_common/RLduino78/cores/RLduino78_basic.o
                0x00005795                execCyclicHandler()
 .text.micros   0x0000584a      0x1fd ./gr_common/RLduino78/cores/RLduino78_basic.o
                0x0000584a                micros
 .text.delay    0x00005a47       0x75 ./gr_common/RLduino78/cores/RLduino78_basic.o
                0x00005a47                delay
 .text.delayMicroseconds
                0x00005abc       0x7e ./gr_common/RLduino78/cores/RLduino78_basic.o
                0x00005abc                delayMicroseconds
 .text._ZL11_analogReadh
                0x00005b3a      0x144 ./gr_common/RLduino78/cores/RLduino78_basic.o
 .text.external_interrupt_0
                0x00005c7e       0x13 ./gr_common/RLduino78/cores/RLduino78_basic.o
                0x00005c7e                external_interrupt_0
 .text.external_interrupt_1
                0x00005c91       0x13 ./gr_common/RLduino78/cores/RLduino78_basic.o
                0x00005c91                external_interrupt_1
 .text.adc_interrupt
                0x00005ca4        0x4 ./gr_common/RLduino78/cores/RLduino78_basic.o
                0x00005ca4                adc_interrupt
 .text.tm05_interrupt
                0x00005ca8       0x26 ./gr_common/RLduino78/cores/RLduino78_basic.o
                0x00005ca8                tm05_interrupt
 .text.tm06_interrupt
                0x00005cce       0x98 ./gr_common/RLduino78/cores/RLduino78_basic.o
                0x00005cce                tm06_interrupt
 .text.pinMode  0x00005d66      0x26f ./gr_common/RLduino78/cores/RLduino78_basic.o
                0x00005d66                pinMode
 .text.analogRead
                0x00005fd5       0x8c ./gr_common/RLduino78/cores/RLduino78_basic.o
                0x00005fd5                analogRead
 .text._Z6noToneh
                0x00006061       0x2b ./gr_common/RLduino78/cores/RLduino78_basic.o
                0x00006061                noTone(unsigned char)
 .text.digitalWrite
                0x0000608c       0x56 ./gr_common/RLduino78/cores/RLduino78_basic.o
                0x0000608c                digitalWrite
 .text.tone_interrupt
                0x000060e2       0x78 ./gr_common/RLduino78/cores/RLduino78_basic.o
                0x000060e2                tone_interrupt
 .text.HardwareSetup
                0x0000615a       0x21 ./gr_common/RLduino78/cores/RLduino78_main.o
                0x0000615a                HardwareSetup
 .text.startup.main
                0x0000617b       0x24 ./gr_common/RLduino78/cores/RLduino78_main.o
                0x0000617b                main
 .text.abort    0x0000619f        0x4 ./gr_common/RLduino78/cores/RLduino78_main.o
                0x0000619f                exit
                0x0000619f                abort
 .text._ZL9rtc_pausev
                0x000061a3       0x1d ./gr_common/RLduino78/cores/RLduino78_RTC.o
 .text._ZL10rtc_resumev
                0x000061c0       0x1d ./gr_common/RLduino78/cores/RLduino78_RTC.o
 .text._ZL7HEX2BCDi
                0x000061dd       0x2e ./gr_common/RLduino78/cores/RLduino78_RTC.o
 .text._Z8rtc_initv
                0x0000620b       0x5f ./gr_common/RLduino78/cores/RLduino78_RTC.o
                0x0000620b                rtc_init()
 .text._Z12rtc_set_timePK15tagRTC_TIMETYPE
                0x0000626a       0xcf ./gr_common/RLduino78/cores/RLduino78_RTC.o
                0x0000626a                rtc_set_time(tagRTC_TIMETYPE const*)
 .text._Z24rtc_attach_alarm_handlerPFvvE
                0x00006339        0x6 ./gr_common/RLduino78/cores/RLduino78_RTC.o
                0x00006339                rtc_attach_alarm_handler(void (*)())
 .text._Z18rtc_set_alarm_timeiii
                0x0000633f       0x51 ./gr_common/RLduino78/cores/RLduino78_RTC.o
                0x0000633f                rtc_set_alarm_time(int, int, int)
 .text._Z12rtc_alarm_onv
                0x00006390       0x14 ./gr_common/RLduino78/cores/RLduino78_RTC.o
                0x00006390                rtc_alarm_on()
 .text._Z13rtc_alarm_offv
                0x000063a4       0x11 ./gr_common/RLduino78/cores/RLduino78_RTC.o
                0x000063a4                rtc_alarm_off()
 .text.rtc_interrupt
                0x000063b5       0x4b ./gr_common/RLduino78/cores/RLduino78_RTC.o
                0x000063b5                rtc_interrupt
 .text.startup._GLOBAL__sub_I__ZN9DhcpClass13beginWithDHCPEPhmm
                0x00006400       0x1a ./gr_common/RLduino78/libraries/Ethernet/Dhcp.o
 .text.startup._GLOBAL__sub_I__ZN9DNSClient5beginERK9IPAddress
                0x0000641a       0x1a ./gr_common/RLduino78/libraries/Ethernet/Dns.o
 .text.startup._GLOBAL__sub_I__ZN13EthernetClass6_stateE
                0x00006434       0x23 ./gr_common/RLduino78/libraries/Ethernet/Ethernet.o
 .text.startup._GLOBAL__sub_I__ZN14EthernetClient8_srcportE
                0x00006457       0x1a ./gr_common/RLduino78/libraries/Ethernet/EthernetClient.o
 .text.startup._GLOBAL__sub_I__ZN14EthernetServerC2Et
                0x00006471       0x1a ./gr_common/RLduino78/libraries/Ethernet/EthernetServer.o
 .text.startup._GLOBAL__sub_I__ZN11EthernetUDPC2Ev
                0x0000648b       0x1a ./gr_common/RLduino78/libraries/Ethernet/EthernetUdp.o
 .text.startup._GLOBAL__sub_I__ZN7TwitterC2EPKc
                0x000064a5       0x1a ./gr_common/RLduino78/libraries/Ethernet/Twitter.o
 .text._ZN12FirmataClass11systemResetEv
                0x000064bf       0x4f ./gr_common/RLduino78/libraries/Firmata/Firmata.o
                0x000064bf                FirmataClass::systemReset()
 .text.startup._GLOBAL__sub_I__ZN12FirmataClass23sendValueAsTwo7bitBytesEi
                0x0000650e       0x21 ./gr_common/RLduino78/libraries/Firmata/Firmata.o
 .text.startup._GLOBAL__sub_I__Z20getNextPathComponentPcPjS_
                0x0000652f       0x30 ./gr_common/RLduino78/libraries/SD/SD.o
 .text._ZL7spiSendh
                0x0000655f       0x18 ./gr_common/RLduino78/libraries/SD/utility/Sd2Card.o
 .text._ZL6spiRecv
                0x00006577       0x12 ./gr_common/RLduino78/libraries/SD/utility/Sd2Card.o
 .text._ZN7Sd2Card14chipSelectHighEv
                0x00006589       0x16 ./gr_common/RLduino78/libraries/SD/utility/Sd2Card.o
                0x00006589                Sd2Card::chipSelectHigh()
 .text._ZN7Sd2Card13chipSelectLowEv
                0x0000659f       0x16 ./gr_common/RLduino78/libraries/SD/utility/Sd2Card.o
                0x0000659f                Sd2Card::chipSelectLow()
 .text._ZN7Sd2Card7readEndEv
                0x000065b5       0x6f ./gr_common/RLduino78/libraries/SD/utility/Sd2Card.o
                0x000065b5                Sd2Card::readEnd()
 .text._ZN7Sd2Card11waitNotBusyEt
                0x00006624       0x3c ./gr_common/RLduino78/libraries/SD/utility/Sd2Card.o
                0x00006624                Sd2Card::waitNotBusy(unsigned short)
 .text._ZN7Sd2Card11cardCommandEhm
                0x00006660       0xe5 ./gr_common/RLduino78/libraries/SD/utility/Sd2Card.o
                0x00006660                Sd2Card::cardCommand(unsigned char, unsigned long)
 .text._ZN7Sd2Card14waitStartBlockEv
                0x00006745       0x6a ./gr_common/RLduino78/libraries/SD/utility/Sd2Card.o
                0x00006745                Sd2Card::waitStartBlock()
 .text._ZN7Sd2Card8readDataEmttPh
                0x000067af      0x1aa ./gr_common/RLduino78/libraries/SD/utility/Sd2Card.o
                0x000067af                Sd2Card::readData(unsigned long, unsigned short, unsigned short, unsigned char*)
 .text._ZN7Sd2Card9readBlockEmPh
                0x00006959       0x21 ./gr_common/RLduino78/libraries/SD/utility/Sd2Card.o
                0x00006959                Sd2Card::readBlock(unsigned long, unsigned char*)
 .text._ZN7Sd2Card9writeDataEhPKh
                0x0000697a       0xb0 ./gr_common/RLduino78/libraries/SD/utility/Sd2Card.o
                0x0000697a                Sd2Card::writeData(unsigned char, unsigned char const*)
 .text._ZN7Sd2Card10writeBlockEmPKh
                0x00006a2a       0xf3 ./gr_common/RLduino78/libraries/SD/utility/Sd2Card.o
                0x00006a2a                Sd2Card::writeBlock(unsigned long, unsigned char const*)
 .text._ZN6SdFile10addClusterEv
                0x00006b1d       0x5e ./gr_common/RLduino78/libraries/SD/utility/SdFile.o
                0x00006b1d                SdFile::addCluster()
 .text._ZN6SdFile13cacheDirEntryEh
                0x00006b7b       0x45 ./gr_common/RLduino78/libraries/SD/utility/SdFile.o
                0x00006b7b                SdFile::cacheDirEntry(unsigned char)
 .text._ZN6SdFile7seekSetEm
                0x00006bc0      0x1be ./gr_common/RLduino78/libraries/SD/utility/SdFile.o
                0x00006bc0                SdFile::seekSet(unsigned long)
 .text._ZN6SdFile4syncEv
                0x00006d7e       0xc4 ./gr_common/RLduino78/libraries/SD/utility/SdFile.o
                0x00006d7e                SdFile::sync()
 .text._ZN6SdFile5writeEPKvt
                0x00006e42      0x411 ./gr_common/RLduino78/libraries/SD/utility/SdFile.o
                0x00006e42                SdFile::write(void const*, unsigned short)
 .text._ZN6SdFile5writeEh
                0x00007253       0x1a ./gr_common/RLduino78/libraries/SD/utility/SdFile.o
                0x00007253                SdFile::write(unsigned char)
 .text._ZN8SdVolume10cacheFlushEv
                0x0000726d       0x81 ./gr_common/RLduino78/libraries/SD/utility/SdVolume.o
                0x0000726d                SdVolume::cacheFlush()
 .text._ZN8SdVolume13cacheRawBlockEmh
                0x000072ee       0x72 ./gr_common/RLduino78/libraries/SD/utility/SdVolume.o
                0x000072ee                SdVolume::cacheRawBlock(unsigned long, unsigned char)
 .text._ZNK8SdVolume6fatGetEmPm
                0x00007360      0x165 ./gr_common/RLduino78/libraries/SD/utility/SdVolume.o
                0x00007360                SdVolume::fatGet(unsigned long, unsigned long*) const
 .text._ZN8SdVolume6fatPutEmm
                0x000074c5      0x169 ./gr_common/RLduino78/libraries/SD/utility/SdVolume.o
                0x000074c5                SdVolume::fatPut(unsigned long, unsigned long)
 .text._ZN8SdVolume15allocContiguousEmPm
                0x0000762e      0x28f ./gr_common/RLduino78/libraries/SD/utility/SdVolume.o
                0x0000762e                SdVolume::allocContiguous(unsigned long, unsigned long*)
 .text._ZL17handle_interrupts18timer16_Sequence_t.constprop.0
                0x000078bd      0x197 ./gr_common/RLduino78/libraries/Servo/Servo.o
 .text.servo_interrupt
                0x00007a54        0x5 ./gr_common/RLduino78/libraries/Servo/Servo.o
                0x00007a54                servo_interrupt
 .text._ZN7TwoWire9availableEv
                0x00007a59       0x17 ./gr_common/RLduino78/libraries/Wire/Wire.o
                0x00007a59                TwoWire::available()
 .text._ZN7TwoWire4readEv
                0x00007a70       0x2a ./gr_common/RLduino78/libraries/Wire/Wire.o
                0x00007a70                TwoWire::read()
 .text._ZN7TwoWire4peekEv
                0x00007a9a       0x26 ./gr_common/RLduino78/libraries/Wire/Wire.o
                0x00007a9a                TwoWire::peek()
 .text._ZN7TwoWire5flushEv
                0x00007ac0        0x1 ./gr_common/RLduino78/libraries/Wire/Wire.o
                0x00007ac0                TwoWire::flush()
 .text._ZN7TwoWire5writeEPKhj
                0x00007ac1       0x6d ./gr_common/RLduino78/libraries/Wire/Wire.o
                0x00007ac1                TwoWire::write(unsigned char const*, unsigned int)
 .text._ZN7TwoWire5writeEh
                0x00007b2e       0x5e ./gr_common/RLduino78/libraries/Wire/Wire.o
                0x00007b2e                TwoWire::write(unsigned char)
 .text._ZN7TwoWireC2Ev
                0x00007b8c       0x1d ./gr_common/RLduino78/libraries/Wire/Wire.o
                0x00007b8c                TwoWire::TwoWire()
                0x00007b8c                TwoWire::TwoWire()
 .text.startup._GLOBAL__sub_I__ZN7TwoWire8rxBufferE
                0x00007ba9        0xe ./gr_common/RLduino78/libraries/Wire/Wire.o
 .text._ZN9__gnu_cxx27__verbose_terminate_handlerEv
                0x00007bb7        0x1 ./gr_common/RLduino78/portable/e2studio/RL78/exception_handler.o
                0x00007bb7                __gnu_cxx::__verbose_terminate_handler()
 .text.init_system_clock
                0x00007bb8       0x57 ./gr_common/RLduino78/cores/RLduino78_timer.o
                0x00007bb8                init_system_clock
 .text.init_interval_timer
                0x00007c0f      0x158 ./gr_common/RLduino78/cores/RLduino78_timer.o
                0x00007c0f                init_interval_timer
 .text.interval_timer
                0x00007d67       0x9f ./gr_common/RLduino78/cores/RLduino78_timer.o
                0x00007d67                interval_timer
 .text.twi_transmit
                0x00007e06       0x52 ./gr_common/RLduino78/libraries/Wire/utility/twi.o
                0x00007e06                twi_transmit
 .text.twi_stop
                0x00007e58       0x25 ./gr_common/RLduino78/libraries/Wire/utility/twi.o
                0x00007e58                twi_stop
 .text.twi_releaseBus
                0x00007e7d       0x12 ./gr_common/RLduino78/libraries/Wire/utility/twi.o
                0x00007e7d                twi_releaseBus
 .text.iica0_interrupt
                0x00007e8f      0x2b2 ./gr_common/RLduino78/libraries/Wire/utility/twi.o
                0x00007e8f                iica0_interrupt
 .text.INT_WDTI
                0x00008141        0xc ./gr_common/RLduino78/portable/e2studio/RL78/interrupt_handlers.o
                0x00008141                INT_WDTI
 .text.INT_LVI  0x0000814d        0xc ./gr_common/RLduino78/portable/e2studio/RL78/interrupt_handlers.o
                0x0000814d                INT_LVI
 .text.INT_P0   0x00008159        0xc ./gr_common/RLduino78/portable/e2studio/RL78/interrupt_handlers.o
                0x00008159                INT_P0
 .text.INT_P1   0x00008165        0xc ./gr_common/RLduino78/portable/e2studio/RL78/interrupt_handlers.o
                0x00008165                INT_P1
 .text.INT_P2   0x00008171        0xc ./gr_common/RLduino78/portable/e2studio/RL78/interrupt_handlers.o
                0x00008171                INT_P2
 .text.INT_P3   0x0000817d       0x26 ./gr_common/RLduino78/portable/e2studio/RL78/interrupt_handlers.o
                0x0000817d                INT_P3
 .text.INT_P4   0x000081a3        0xc ./gr_common/RLduino78/portable/e2studio/RL78/interrupt_handlers.o
                0x000081a3                INT_P4
 .text.INT_P5   0x000081af       0x26 ./gr_common/RLduino78/portable/e2studio/RL78/interrupt_handlers.o
                0x000081af                INT_P5
 .text.INT_ST2  0x000081d5       0x26 ./gr_common/RLduino78/portable/e2studio/RL78/interrupt_handlers.o
                0x000081d5                INT_ST2
 .text.INT_SR2  0x000081fb       0x26 ./gr_common/RLduino78/portable/e2studio/RL78/interrupt_handlers.o
                0x000081fb                INT_SR2
 .text.INT_SRE2
                0x00008221       0x26 ./gr_common/RLduino78/portable/e2studio/RL78/interrupt_handlers.o
                0x00008221                INT_SRE2
 .text.INT_DMA0
                0x00008247        0xc ./gr_common/RLduino78/portable/e2studio/RL78/interrupt_handlers.o
                0x00008247                INT_DMA0
 .text.INT_DMA1
                0x00008253        0xc ./gr_common/RLduino78/portable/e2studio/RL78/interrupt_handlers.o
                0x00008253                INT_DMA1
 .text.INT_ST0  0x0000825f       0x26 ./gr_common/RLduino78/portable/e2studio/RL78/interrupt_handlers.o
                0x0000825f                INT_ST0
 .text.INT_SR0  0x00008285       0x26 ./gr_common/RLduino78/portable/e2studio/RL78/interrupt_handlers.o
                0x00008285                INT_SR0
 .text.INT_TM01H
                0x000082ab       0x26 ./gr_common/RLduino78/portable/e2studio/RL78/interrupt_handlers.o
                0x000082ab                INT_TM01H
 .text.INT_ST1  0x000082d1       0x26 ./gr_common/RLduino78/portable/e2studio/RL78/interrupt_handlers.o
                0x000082d1                INT_ST1
 .text.INT_SR1  0x000082f7       0x26 ./gr_common/RLduino78/portable/e2studio/RL78/interrupt_handlers.o
                0x000082f7                INT_SR1
 .text.INT_TM03H
                0x0000831d       0x26 ./gr_common/RLduino78/portable/e2studio/RL78/interrupt_handlers.o
                0x0000831d                INT_TM03H
 .text.INT_IICA0
                0x00008343       0x26 ./gr_common/RLduino78/portable/e2studio/RL78/interrupt_handlers.o
                0x00008343                INT_IICA0
 .text.INT_TM01
                0x00008369       0x3c ./gr_common/RLduino78/portable/e2studio/RL78/interrupt_handlers.o
                0x00008369                INT_TM01
 .text.INT_TM02
                0x000083a5        0xc ./gr_common/RLduino78/portable/e2studio/RL78/interrupt_handlers.o
                0x000083a5                INT_TM02
 .text.INT_TM03
                0x000083b1        0xc ./gr_common/RLduino78/portable/e2studio/RL78/interrupt_handlers.o
                0x000083b1                INT_TM03
 .text.INT_AD   0x000083bd       0x26 ./gr_common/RLduino78/portable/e2studio/RL78/interrupt_handlers.o
                0x000083bd                INT_AD
 .text.INT_RTC  0x000083e3       0x26 ./gr_common/RLduino78/portable/e2studio/RL78/interrupt_handlers.o
                0x000083e3                INT_RTC
 .text.INT_IT   0x00008409       0x26 ./gr_common/RLduino78/portable/e2studio/RL78/interrupt_handlers.o
                0x00008409                INT_IT
 .text.INT_KR   0x0000842f        0xc ./gr_common/RLduino78/portable/e2studio/RL78/interrupt_handlers.o
                0x0000842f                INT_KR
 .text.INT_TM04
                0x0000843b       0x26 ./gr_common/RLduino78/portable/e2studio/RL78/interrupt_handlers.o
                0x0000843b                INT_TM04
 .text.INT_TM05
                0x00008461       0x26 ./gr_common/RLduino78/portable/e2studio/RL78/interrupt_handlers.o
                0x00008461                INT_TM05
 .text.INT_TM06
                0x00008487       0x26 ./gr_common/RLduino78/portable/e2studio/RL78/interrupt_handlers.o
                0x00008487                INT_TM06
 .text.INT_TM07
                0x000084ad        0xc ./gr_common/RLduino78/portable/e2studio/RL78/interrupt_handlers.o
                0x000084ad                INT_TM07
 .text.INT_P6   0x000084b9        0xc ./gr_common/RLduino78/portable/e2studio/RL78/interrupt_handlers.o
                0x000084b9                INT_P6
 .text.INT_P7   0x000084c5        0xc ./gr_common/RLduino78/portable/e2studio/RL78/interrupt_handlers.o
                0x000084c5                INT_P7
 .text.INT_P8   0x000084d1        0xc ./gr_common/RLduino78/portable/e2studio/RL78/interrupt_handlers.o
                0x000084d1                INT_P8
 .text.INT_P9   0x000084dd        0xc ./gr_common/RLduino78/portable/e2studio/RL78/interrupt_handlers.o
                0x000084dd                INT_P9
 .text.INT_P10  0x000084e9        0xc ./gr_common/RLduino78/portable/e2studio/RL78/interrupt_handlers.o
                0x000084e9                INT_P10
 .text.INT_P11  0x000084f5        0xc ./gr_common/RLduino78/portable/e2studio/RL78/interrupt_handlers.o
                0x000084f5                INT_P11
 .text.INT_MD   0x00008501        0xc ./gr_common/RLduino78/portable/e2studio/RL78/interrupt_handlers.o
                0x00008501                INT_MD
 .text.INT_FL   0x0000850d        0xc ./gr_common/RLduino78/portable/e2studio/RL78/interrupt_handlers.o
                0x0000850d                INT_FL
 .text.INT_BRK_I
                0x00008519        0xc ./gr_common/RLduino78/portable/e2studio/RL78/interrupt_handlers.o
                0x00008519                INT_BRK_I
 .text          0x00008525       0xa0 ./gr_common/RLduino78/portable/e2studio/RL78/reset_program.o
                0x00008525                PowerON_Reset
                0x00008587                rl78_run_preinit_array
                0x00008592                rl78_run_init_array
                0x0000859d                rl78_run_fini_array
 .text          0x000085c5       0xfc C:/Renesas/e2studio/GNURL78v14.03-ELF/rl78-elf/lib/gcc/rl78-elf/4.8-GNURL78_v14.03/crtbegin.o
 .text          0x000086c1       0x36 C:/Renesas/e2studio/GNURL78v14.03-ELF/rl78-elf/lib/gcc/rl78-elf/4.8-GNURL78_v14.03/crtend.o
 .text._ZN10__cxxabiv120__si_class_type_infoD2Ev
                0x000086f7       0x18 C:/Renesas/e2studio/GNURL78v14.03-ELF/rl78-elf/rl78-elf/lib\libstdc++.a(si_class_type_info.o)
                0x000086f7                __cxxabiv1::__si_class_type_info::~__si_class_type_info()
                0x000086f7                __cxxabiv1::__si_class_type_info::~__si_class_type_info()
 .text._ZN10__cxxabiv120__si_class_type_infoD0Ev
                0x0000870f       0x2a C:/Renesas/e2studio/GNURL78v14.03-ELF/rl78-elf/rl78-elf/lib\libstdc++.a(si_class_type_info.o)
                0x0000870f                __cxxabiv1::__si_class_type_info::~__si_class_type_info()
 .text._ZNK10__cxxabiv120__si_class_type_info12__do_dyncastEiNS_17__class_type_info10__sub_kindEPKS1_PKvS4_S6_RNS1_16__dyncast_resultE
                0x00008739      0x14f C:/Renesas/e2studio/GNURL78v14.03-ELF/rl78-elf/rl78-elf/lib\libstdc++.a(si_class_type_info.o)
                0x00008739                __cxxabiv1::__si_class_type_info::__do_dyncast(int, __cxxabiv1::__class_type_info::__sub_kind, __cxxabiv1::__class_type_info const*, void const*, __cxxabiv1::__class_type_info const*, void const*, __cxxabiv1::__class_type_info::__dyncast_result&) const
 .text._ZNK10__cxxabiv120__si_class_type_info20__do_find_public_srcEiPKvPKNS_17__class_type_infoES2_
                0x00008888       0x95 C:/Renesas/e2studio/GNURL78v14.03-ELF/rl78-elf/rl78-elf/lib\libstdc++.a(si_class_type_info.o)
                0x00008888                __cxxabiv1::__si_class_type_info::__do_find_public_src(int, void const*, __cxxabiv1::__class_type_info const*, void const*) const
 .text._ZNK10__cxxabiv120__si_class_type_info11__do_upcastEPKNS_17__class_type_infoEPKvRNS1_15__upcast_resultE
                0x0000891d       0x5c C:/Renesas/e2studio/GNURL78v14.03-ELF/rl78-elf/rl78-elf/lib\libstdc++.a(si_class_type_info.o)
                0x0000891d                __cxxabiv1::__si_class_type_info::__do_upcast(__cxxabiv1::__class_type_info const*, void const*, __cxxabiv1::__class_type_info::__upcast_result&) const
 .text._ZL23__gxx_exception_cleanup19_Unwind_Reason_CodeP17_Unwind_Exception
                0x00008979       0x68 C:/Renesas/e2studio/GNURL78v14.03-ELF/rl78-elf/rl78-elf/lib\libstdc++.a(eh_throw.o)
 .text.__cxa_throw
                0x000089e1       0xcd C:/Renesas/e2studio/GNURL78v14.03-ELF/rl78-elf/rl78-elf/lib\libstdc++.a(eh_throw.o)
                0x000089e1                __cxa_throw
 .text.__cxa_rethrow
                0x00008aae      0x29b C:/Renesas/e2studio/GNURL78v14.03-ELF/rl78-elf/rl78-elf/lib\libstdc++.a(eh_throw.o)
                0x00008aae                __cxa_rethrow
 .text._ZNK10__cxxabiv117__class_type_info11__do_upcastEPKS0_PPv
                0x00008d49       0x6f C:/Renesas/e2studio/GNURL78v14.03-ELF/rl78-elf/rl78-elf/lib\libstdc++.a(class_type_info.o)
                0x00008d49                __cxxabiv1::__class_type_info::__do_upcast(__cxxabiv1::__class_type_info const*, void**) const
 .text._ZNK10__cxxabiv117__class_type_info20__do_find_public_srcEiPKvPKS0_S2_
                0x00008db8       0x16 C:/Renesas/e2studio/GNURL78v14.03-ELF/rl78-elf/rl78-elf/lib\libstdc++.a(class_type_info.o)
                0x00008db8                __cxxabiv1::__class_type_info::__do_find_public_src(int, void const*, __cxxabiv1::__class_type_info const*, void const*) const
 .text._ZN10__cxxabiv117__class_type_infoD2Ev
                0x00008dce       0x18 C:/Renesas/e2studio/GNURL78v14.03-ELF/rl78-elf/rl78-elf/lib\libstdc++.a(class_type_info.o)
                0x00008dce                __cxxabiv1::__class_type_info::~__class_type_info()
                0x00008dce                __cxxabiv1::__class_type_info::~__class_type_info()
 .text._ZN10__cxxabiv117__class_type_infoD0Ev
                0x00008de6       0x2a C:/Renesas/e2studio/GNURL78v14.03-ELF/rl78-elf/rl78-elf/lib\libstdc++.a(class_type_info.o)
                0x00008de6                __cxxabiv1::__class_type_info::~__class_type_info()
 .text._ZNK10__cxxabiv117__class_type_info11__do_upcastEPKS0_PKvRNS0_15__upcast_resultE
                0x00008e10       0x6b C:/Renesas/e2studio/GNURL78v14.03-ELF/rl78-elf/rl78-elf/lib\libstdc++.a(class_type_info.o)
                0x00008e10                __cxxabiv1::__class_type_info::__do_upcast(__cxxabiv1::__class_type_info const*, void const*, __cxxabiv1::__class_type_info::__upcast_result&) const
 .text._ZNK10__cxxabiv117__class_type_info10__do_catchEPKSt9type_infoPPvj
                0x00008e7b       0x89 C:/Renesas/e2studio/GNURL78v14.03-ELF/rl78-elf/rl78-elf/lib\libstdc++.a(class_type_info.o)
                0x00008e7b                __cxxabiv1::__class_type_info::__do_catch(std::type_info const*, void**, unsigned int) const
 .text._ZNK10__cxxabiv117__class_type_info12__do_dyncastEiNS0_10__sub_kindEPKS0_PKvS3_S5_RNS0_16__dyncast_resultE
                0x00008f04       0xc1 C:/Renesas/e2studio/GNURL78v14.03-ELF/rl78-elf/rl78-elf/lib\libstdc++.a(class_type_info.o)
                0x00008f04                __cxxabiv1::__class_type_info::__do_dyncast(int, __cxxabiv1::__class_type_info::__sub_kind, __cxxabiv1::__class_type_info const*, void const*, __cxxabiv1::__class_type_info const*, void const*, __cxxabiv1::__class_type_info::__dyncast_result&) const
 .text.__cxa_begin_catch
                0x00008fc5      0x2e2 C:/Renesas/e2studio/GNURL78v14.03-ELF/rl78-elf/rl78-elf/lib\libstdc++.a(eh_catch.o)
                0x00008fc5                __cxa_begin_catch
 .text.__cxa_end_catch
                0x000092a7      0x2eb C:/Renesas/e2studio/GNURL78v14.03-ELF/rl78-elf/rl78-elf/lib\libstdc++.a(eh_catch.o)
                0x000092a7                __cxa_end_catch
 .text._ZdlPv   0x00009592       0x16 C:/Renesas/e2studio/GNURL78v14.03-ELF/rl78-elf/rl78-elf/lib\libstdc++.a(del_op.o)
                0x00009592                operator delete(void*)
 .text._ZN10__cxxabiv111__terminateEPFvvE
                0x000095a8       0x99 C:/Renesas/e2studio/GNURL78v14.03-ELF/rl78-elf/rl78-elf/lib\libstdc++.a(eh_terminate.o)
                0x000095a8                __cxxabiv1::__terminate(void (*)())
 .text._ZSt9terminatev
                0x00009641        0xb C:/Renesas/e2studio/GNURL78v14.03-ELF/rl78-elf/rl78-elf/lib\libstdc++.a(eh_terminate.o)
                0x00009641                std::terminate()
 .text._ZN10__cxxabiv112__unexpectedEPFvvE
                0x0000964c        0x9 C:/Renesas/e2studio/GNURL78v14.03-ELF/rl78-elf/rl78-elf/lib\libstdc++.a(eh_terminate.o)
                0x0000964c                __cxxabiv1::__unexpected(void (*)())
 .text._ZSt10unexpectedv
                0x00009655        0xb C:/Renesas/e2studio/GNURL78v14.03-ELF/rl78-elf/rl78-elf/lib\libstdc++.a(eh_terminate.o)
                0x00009655                std::unexpected()
 .text._ZL12read_sleb128PKhPl
                0x00009660      0x114 C:/Renesas/e2studio/GNURL78v14.03-ELF/rl78-elf/rl78-elf/lib\libstdc++.a(eh_personality.o)
 .text._ZL16get_adjusted_ptrPKSt9type_infoS1_PPv
                0x00009774       0x71 C:/Renesas/e2studio/GNURL78v14.03-ELF/rl78-elf/rl78-elf/lib\libstdc++.a(eh_personality.o)
 .text._ZL28read_encoded_value_with_basehjPKhPj
                0x000097e5      0x2ec C:/Renesas/e2studio/GNURL78v14.03-ELF/rl78-elf/rl78-elf/lib\libstdc++.a(eh_personality.o)
 .text._ZL15get_ttype_entryP16lsda_header_infom
                0x00009ad1       0xcb C:/Renesas/e2studio/GNURL78v14.03-ELF/rl78-elf/rl78-elf/lib\libstdc++.a(eh_personality.o)
 .text._ZL20check_exception_specP16lsda_header_infoPKSt9type_infoPvl
                0x00009b9c      0x10a C:/Renesas/e2studio/GNURL78v14.03-ELF/rl78-elf/rl78-elf/lib\libstdc++.a(eh_personality.o)
 .text._ZL21base_of_encoded_valuehP15_Unwind_Context
                0x00009ca6       0x7c C:/Renesas/e2studio/GNURL78v14.03-ELF/rl78-elf/rl78-elf/lib\libstdc++.a(eh_personality.o)
 .text._ZL17parse_lsda_headerP15_Unwind_ContextPKhP16lsda_header_info
                0x00009d22      0x250 C:/Renesas/e2studio/GNURL78v14.03-ELF/rl78-elf/rl78-elf/lib\libstdc++.a(eh_personality.o)
 .text.__gxx_personality_sj0
                0x00009f72      0x956 C:/Renesas/e2studio/GNURL78v14.03-ELF/rl78-elf/rl78-elf/lib\libstdc++.a(eh_personality.o)
                0x00009f72                __gxx_personality_sj0
 .text.__cxa_call_unexpected
                0x0000a8c8      0x1b3 C:/Renesas/e2studio/GNURL78v14.03-ELF/rl78-elf/rl78-elf/lib\libstdc++.a(eh_personality.o)
                0x0000a8c8                __cxa_call_unexpected
 .text.__cxa_allocate_exception
                0x0000aa7b       0xb9 C:/Renesas/e2studio/GNURL78v14.03-ELF/rl78-elf/rl78-elf/lib\libstdc++.a(eh_alloc.o)
                0x0000aa7b                __cxa_allocate_exception
 .text.__cxa_free_exception
                0x0000ab34       0x59 C:/Renesas/e2studio/GNURL78v14.03-ELF/rl78-elf/rl78-elf/lib\libstdc++.a(eh_alloc.o)
                0x0000ab34                __cxa_free_exception
 .text._ZNSt9exceptionD2Ev
                0x0000ab8d        0xa C:/Renesas/e2studio/GNURL78v14.03-ELF/rl78-elf/rl78-elf/lib\libstdc++.a(eh_exception.o)
                0x0000ab8d                std::exception::~exception()
                0x0000ab8d                std::exception::~exception()
 .text._ZNSt13bad_exceptionD2Ev
                0x0000ab97        0xa C:/Renesas/e2studio/GNURL78v14.03-ELF/rl78-elf/rl78-elf/lib\libstdc++.a(eh_exception.o)
                0x0000ab97                std::bad_exception::~bad_exception()
                0x0000ab97                std::bad_exception::~bad_exception()
 .text._ZNKSt9exception4whatEv
                0x0000aba1        0x5 C:/Renesas/e2studio/GNURL78v14.03-ELF/rl78-elf/rl78-elf/lib\libstdc++.a(eh_exception.o)
                0x0000aba1                std::exception::what() const
 .text._ZNKSt13bad_exception4whatEv
                0x0000aba6        0x5 C:/Renesas/e2studio/GNURL78v14.03-ELF/rl78-elf/rl78-elf/lib\libstdc++.a(eh_exception.o)
                0x0000aba6                std::bad_exception::what() const
 .text._ZNSt9exceptionD0Ev
                0x0000abab       0x18 C:/Renesas/e2studio/GNURL78v14.03-ELF/rl78-elf/rl78-elf/lib\libstdc++.a(eh_exception.o)
                0x0000abab                std::exception::~exception()
 .text._ZNSt13bad_exceptionD0Ev
                0x0000abc3       0x18 C:/Renesas/e2studio/GNURL78v14.03-ELF/rl78-elf/rl78-elf/lib\libstdc++.a(eh_exception.o)
                0x0000abc3                std::bad_exception::~bad_exception()
 .text.__cxa_call_terminate
                0x0000abdb      0x25e C:/Renesas/e2studio/GNURL78v14.03-ELF/rl78-elf/rl78-elf/lib\libstdc++.a(eh_call.o)
                0x0000abdb                __cxa_call_terminate
 .text._ZNSt9type_infoD2Ev
                0x0000ae39        0xa C:/Renesas/e2studio/GNURL78v14.03-ELF/rl78-elf/rl78-elf/lib\libstdc++.a(tinfo.o)
                0x0000ae39                std::type_info::~type_info()
                0x0000ae39                std::type_info::~type_info()
 .text._ZNKSt9type_info14__is_pointer_pEv
                0x0000ae43        0x3 C:/Renesas/e2studio/GNURL78v14.03-ELF/rl78-elf/rl78-elf/lib\libstdc++.a(tinfo.o)
                0x0000ae43                std::type_info::__is_pointer_p() const
 .text._ZNKSt9type_info15__is_function_pEv
                0x0000ae46        0x3 C:/Renesas/e2studio/GNURL78v14.03-ELF/rl78-elf/rl78-elf/lib\libstdc++.a(tinfo.o)
                0x0000ae46                std::type_info::__is_function_p() const
 .text._ZNKSt9type_info11__do_upcastEPKN10__cxxabiv117__class_type_infoEPPv
                0x0000ae49        0x3 C:/Renesas/e2studio/GNURL78v14.03-ELF/rl78-elf/rl78-elf/lib\libstdc++.a(tinfo.o)
                0x0000ae49                std::type_info::__do_upcast(__cxxabiv1::__class_type_info const*, void**) const
 .text._ZNSt9type_infoD0Ev
                0x0000ae4c       0x18 C:/Renesas/e2studio/GNURL78v14.03-ELF/rl78-elf/rl78-elf/lib\libstdc++.a(tinfo.o)
                0x0000ae4c                std::type_info::~type_info()
 .text._ZNKSt9type_info10__do_catchEPKS_PPvj
                0x0000ae64       0x45 C:/Renesas/e2studio/GNURL78v14.03-ELF/rl78-elf/rl78-elf/lib\libstdc++.a(tinfo.o)
                0x0000ae64                std::type_info::__do_catch(std::type_info const*, void**, unsigned int) const
 .text.__cxa_get_globals_fast
                0x0000aea9        0x5 C:/Renesas/e2studio/GNURL78v14.03-ELF/rl78-elf/rl78-elf/lib\libstdc++.a(eh_globals.o)
                0x0000aea9                __cxa_get_globals_fast
 .text.__cxa_get_globals
                0x0000aeae        0x5 C:/Renesas/e2studio/GNURL78v14.03-ELF/rl78-elf/rl78-elf/lib\libstdc++.a(eh_globals.o)
                0x0000aeae                __cxa_get_globals
 .text          0x0000aeb3      0x1b8 C:/Renesas/e2studio/GNURL78v14.03-ELF/rl78-elf/rl78-elf/lib\libm.a(lib_a-sf_cos.o)
                0x0000aeb3                cosf
                0x0000b036                cos
 .text          0x0000b06b       0xad C:/Renesas/e2studio/GNURL78v14.03-ELF/rl78-elf/rl78-elf/lib\libm.a(lib_a-sf_fpclassify.o)
                0x0000b06b                __fpclassifyf
 .text          0x0000b118      0x274 C:/Renesas/e2studio/GNURL78v14.03-ELF/rl78-elf/rl78-elf/lib\libm.a(lib_a-wf_fmod.o)
                0x0000b118                fmodf
                0x0000b337                fmod
 .text          0x0000b38c      0x599 C:/Renesas/e2studio/GNURL78v14.03-ELF/rl78-elf/rl78-elf/lib\libm.a(lib_a-ef_fmod.o)
                0x0000b38c                __ieee754_fmodf
 .text          0x0000b925      0xe17 C:/Renesas/e2studio/GNURL78v14.03-ELF/rl78-elf/rl78-elf/lib\libm.a(lib_a-ef_rem_pio2.o)
                0x0000b925                __ieee754_rem_pio2f
 .text          0x0000c73c      0x5f7 C:/Renesas/e2studio/GNURL78v14.03-ELF/rl78-elf/rl78-elf/lib\libm.a(lib_a-kf_cos.o)
                0x0000c73c                __kernel_cosf
 .text          0x0000cd33     0x1aa1 C:/Renesas/e2studio/GNURL78v14.03-ELF/rl78-elf/rl78-elf/lib\libm.a(lib_a-kf_rem_pio2.o)
                0x0000cd33                __kernel_rem_pio2f
 .text          0x0000e7d4      0x521 C:/Renesas/e2studio/GNURL78v14.03-ELF/rl78-elf/rl78-elf/lib\libm.a(lib_a-kf_sin.o)
                0x0000e7d4                __kernel_sinf
 .text          0x0000ecf5       0x3e C:/Renesas/e2studio/GNURL78v14.03-ELF/rl78-elf/rl78-elf/lib\libm.a(lib_a-sf_fabs.o)
                0x0000ecf5                fabsf
                0x0000ed14                fabs
 .text          0x0000ed33      0x344 C:/Renesas/e2studio/GNURL78v14.03-ELF/rl78-elf/rl78-elf/lib\libm.a(lib_a-sf_floor.o)
                0x0000ed33                floorf
                0x0000f042                floor
 .text          0x0000f077      0x349 C:/Renesas/e2studio/GNURL78v14.03-ELF/rl78-elf/rl78-elf/lib\libm.a(lib_a-sf_scalbn.o)
                0x0000f077                scalbnf
                0x0000f387                scalbn
 .text          0x0000f3c0        0x5 C:/Renesas/e2studio/GNURL78v14.03-ELF/rl78-elf/rl78-elf/lib\libm.a(lib_a-s_matherr.o)
                0x0000f3c0                matherr
 .text          0x0000f3c5      0x112 C:/Renesas/e2studio/GNURL78v14.03-ELF/rl78-elf/rl78-elf/lib\libm.a(lib_a-sf_copysign.o)
                0x0000f3c5                copysignf
                0x0000f44e                copysign
 .text          0x0000f4d7        0x6 C:/Renesas/e2studio/GNURL78v14.03-ELF/rl78-elf/rl78-elf/lib\libc.a(lib_a-errno.o)
                0x0000f4d7                __errno
 .text          0x0000f4dd       0x24 C:/Renesas/e2studio/GNURL78v14.03-ELF/rl78-elf/rl78-elf/lib\libc.a(lib_a-malloc.o)
                0x0000f4dd                malloc
                0x0000f4ef                free
 .text          0x0000f501      0xa35 C:/Renesas/e2studio/GNURL78v14.03-ELF/rl78-elf/rl78-elf/lib\libc.a(lib_a-mallocr.o)
                0x0000f501                _malloc_r
 .text          0x0000ff36       0x23 C:/Renesas/e2studio/GNURL78v14.03-ELF/rl78-elf/rl78-elf/lib\libc.a(lib_a-memset.o)
                0x0000ff36                memset
 .text          0x0000ff59        0x2 C:/Renesas/e2studio/GNURL78v14.03-ELF/rl78-elf/rl78-elf/lib\libc.a(lib_a-mlock.o)
                0x0000ff59                __malloc_lock
                0x0000ff5a                __malloc_unlock
 .text          0x0000ff5b       0x30 C:/Renesas/e2studio/GNURL78v14.03-ELF/rl78-elf/rl78-elf/lib\libc.a(lib_a-sbrkr.o)
                0x0000ff5b                _sbrk_r
 .text          0x0000ff8b       0x41 C:/Renesas/e2studio/GNURL78v14.03-ELF/rl78-elf/rl78-elf/lib\libc.a(lib_a-strcmp.o)
                0x0000ff8b                strcmp
 .text          0x0000ffcc       0x25 C:/Renesas/e2studio/GNURL78v14.03-ELF/rl78-elf/rl78-elf/lib\libc.a(lib_a-strlen.o)
                0x0000ffcc                strlen
 .text          0x0000fff1      0x4bd C:/Renesas/e2studio/GNURL78v14.03-ELF/rl78-elf/rl78-elf/lib\libc.a(lib_a-freer.o)
                0x0000fff1                _malloc_trim_r
                0x0001015f                _free_r
 .text.__muldi3
                0x000104ae      0x2d5 C:/Renesas/e2studio/GNURL78v14.03-ELF/rl78-elf/lib/gcc/rl78-elf/4.8-GNURL78_v14.03\libgcc.a(_muldi3.o)
                0x000104ae                __muldi3
 .text.__lshrdi3
                0x00010783      0x1de C:/Renesas/e2studio/GNURL78v14.03-ELF/rl78-elf/lib/gcc/rl78-elf/4.8-GNURL78_v14.03\libgcc.a(_lshrdi3.o)
                0x00010783                __lshrdi3
 .text._fpadd_parts
                0x00010961      0x4e2 C:/Renesas/e2studio/GNURL78v14.03-ELF/rl78-elf/lib/gcc/rl78-elf/4.8-GNURL78_v14.03\libgcc.a(_addsub_sf.o)
 .text.__addsf3
                0x00010e43       0xa5 C:/Renesas/e2studio/GNURL78v14.03-ELF/rl78-elf/lib/gcc/rl78-elf/4.8-GNURL78_v14.03\libgcc.a(_addsub_sf.o)
                0x00010e43                __addsf3
 .text.__subsf3
                0x00010ee8       0xb1 C:/Renesas/e2studio/GNURL78v14.03-ELF/rl78-elf/lib/gcc/rl78-elf/4.8-GNURL78_v14.03\libgcc.a(_addsub_sf.o)
                0x00010ee8                __subsf3
 .text.__mulsf3
                0x00010f99      0x3c6 C:/Renesas/e2studio/GNURL78v14.03-ELF/rl78-elf/lib/gcc/rl78-elf/4.8-GNURL78_v14.03\libgcc.a(_mul_sf.o)
                0x00010f99                __mulsf3
 .text.__divsf3
                0x0001135f      0x27e C:/Renesas/e2studio/GNURL78v14.03-ELF/rl78-elf/lib/gcc/rl78-elf/4.8-GNURL78_v14.03\libgcc.a(_div_sf.o)
                0x0001135f                __divsf3
 .text.__eqsf2  0x000115dd       0xa6 C:/Renesas/e2studio/GNURL78v14.03-ELF/rl78-elf/lib/gcc/rl78-elf/4.8-GNURL78_v14.03\libgcc.a(_eq_sf.o)
                0x000115dd                __eqsf2
 .text.__gtsf2  0x00011683       0xa7 C:/Renesas/e2studio/GNURL78v14.03-ELF/rl78-elf/lib/gcc/rl78-elf/4.8-GNURL78_v14.03\libgcc.a(_gt_sf.o)
                0x00011683                __gtsf2
 .text.__gesf2  0x0001172a       0xa7 C:/Renesas/e2studio/GNURL78v14.03-ELF/rl78-elf/lib/gcc/rl78-elf/4.8-GNURL78_v14.03\libgcc.a(_ge_sf.o)
                0x0001172a                __gesf2
 .text.__floatsisf
                0x000117d1      0x133 C:/Renesas/e2studio/GNURL78v14.03-ELF/rl78-elf/lib/gcc/rl78-elf/4.8-GNURL78_v14.03\libgcc.a(_si_to_sf.o)
                0x000117d1                __floatsisf
 .text.__fixsfsi
                0x00011904      0x106 C:/Renesas/e2studio/GNURL78v14.03-ELF/rl78-elf/lib/gcc/rl78-elf/4.8-GNURL78_v14.03\libgcc.a(_sf_to_si.o)
                0x00011904                __fixsfsi
 .text.___mulsi3
                0x00011a0a       0xa7 C:/Renesas/e2studio/GNURL78v14.03-ELF/rl78-elf/lib/gcc/rl78-elf/4.8-GNURL78_v14.03\libgcc.a(mulsi3.o)
                0x00011a0a                __mulsi3
 .text.___mulhi3
                0x00011ab1       0x2c C:/Renesas/e2studio/GNURL78v14.03-ELF/rl78-elf/lib/gcc/rl78-elf/4.8-GNURL78_v14.03\libgcc.a(mulsi3.o)
                0x00011ab1                __mulhi3
 .text.__generic_sidivmod_d
                0x00011add      0x149 C:/Renesas/e2studio/GNURL78v14.03-ELF/rl78-elf/lib/gcc/rl78-elf/4.8-GNURL78_v14.03\libgcc.a(divmodsi.o)
                0x00011add                _generic_sidivmod_d
                0x00011af7                _generic_sidiv
 .text.___udivsi3
                0x00011c26        0x4 C:/Renesas/e2studio/GNURL78v14.03-ELF/rl78-elf/lib/gcc/rl78-elf/4.8-GNURL78_v14.03\libgcc.a(divmodsi.o)
                0x00011c26                __udivsi3
 .text.___divsi3
                0x00011c2a       0xa9 C:/Renesas/e2studio/GNURL78v14.03-ELF/rl78-elf/lib/gcc/rl78-elf/4.8-GNURL78_v14.03\libgcc.a(divmodsi.o)
                0x00011c2a                __divsi3
 .text.__generic_hidivmod_d
                0x00011cd3       0x68 C:/Renesas/e2studio/GNURL78v14.03-ELF/rl78-elf/lib/gcc/rl78-elf/4.8-GNURL78_v14.03\libgcc.a(divmodhi.o)
                0x00011cd3                _generic_hidivmod_d
                0x00011cd8                _generic_hidiv
 .text.__generic_hidivmod_m
                0x00011d3b       0x51 C:/Renesas/e2studio/GNURL78v14.03-ELF/rl78-elf/lib/gcc/rl78-elf/4.8-GNURL78_v14.03\libgcc.a(divmodhi.o)
                0x00011d3b                _generic_hidivmod_m
                0x00011d40                _generic_himod
 .text.___udivhi3
                0x00011d8c        0x4 C:/Renesas/e2studio/GNURL78v14.03-ELF/rl78-elf/lib/gcc/rl78-elf/4.8-GNURL78_v14.03\libgcc.a(divmodhi.o)
                0x00011d8c                __udivhi3
 .text.___umodhi3
                0x00011d90        0x4 C:/Renesas/e2studio/GNURL78v14.03-ELF/rl78-elf/lib/gcc/rl78-elf/4.8-GNURL78_v14.03\libgcc.a(divmodhi.o)
                0x00011d90                __umodhi3
 .text.___divhi3
                0x00011d94       0x72 C:/Renesas/e2studio/GNURL78v14.03-ELF/rl78-elf/lib/gcc/rl78-elf/4.8-GNURL78_v14.03\libgcc.a(divmodhi.o)
                0x00011d94                __divhi3
 .text.___modhi3
                0x00011e06       0x6b C:/Renesas/e2studio/GNURL78v14.03-ELF/rl78-elf/lib/gcc/rl78-elf/4.8-GNURL78_v14.03\libgcc.a(divmodhi.o)
                0x00011e06                __modhi3
 .text.uw_install_context.isra.1
                0x00011e71       0x26 C:/Renesas/e2studio/GNURL78v14.03-ELF/rl78-elf/lib/gcc/rl78-elf/4.8-GNURL78_v14.03\libgcc.a(unwind-sjlj.o)
 .text._Unwind_ForcedUnwind_Phase2
                0x00011e97      0x10b C:/Renesas/e2studio/GNURL78v14.03-ELF/rl78-elf/lib/gcc/rl78-elf/4.8-GNURL78_v14.03\libgcc.a(unwind-sjlj.o)
 .text._Unwind_RaiseException_Phase2
                0x00011fa2       0xf5 C:/Renesas/e2studio/GNURL78v14.03-ELF/rl78-elf/lib/gcc/rl78-elf/4.8-GNURL78_v14.03\libgcc.a(unwind-sjlj.o)
 .text._Unwind_SjLj_Register
                0x00012097       0x17 C:/Renesas/e2studio/GNURL78v14.03-ELF/rl78-elf/lib/gcc/rl78-elf/4.8-GNURL78_v14.03\libgcc.a(unwind-sjlj.o)
                0x00012097                _Unwind_SjLj_Register
 .text._Unwind_SjLj_Unregister
                0x000120ae        0x8 C:/Renesas/e2studio/GNURL78v14.03-ELF/rl78-elf/lib/gcc/rl78-elf/4.8-GNURL78_v14.03\libgcc.a(unwind-sjlj.o)
                0x000120ae                _Unwind_SjLj_Unregister
 .text._Unwind_SetGR
                0x000120b6       0x1d C:/Renesas/e2studio/GNURL78v14.03-ELF/rl78-elf/lib/gcc/rl78-elf/4.8-GNURL78_v14.03\libgcc.a(unwind-sjlj.o)
                0x000120b6                _Unwind_SetGR
 .text._Unwind_GetIPInfo
                0x000120d3       0x1d C:/Renesas/e2studio/GNURL78v14.03-ELF/rl78-elf/lib/gcc/rl78-elf/4.8-GNURL78_v14.03\libgcc.a(unwind-sjlj.o)
                0x000120d3                _Unwind_GetIPInfo
 .text._Unwind_SetIP
                0x000120f0        0xc C:/Renesas/e2studio/GNURL78v14.03-ELF/rl78-elf/lib/gcc/rl78-elf/4.8-GNURL78_v14.03\libgcc.a(unwind-sjlj.o)
                0x000120f0                _Unwind_SetIP
 .text._Unwind_GetLanguageSpecificData
                0x000120fc        0xa C:/Renesas/e2studio/GNURL78v14.03-ELF/rl78-elf/lib/gcc/rl78-elf/4.8-GNURL78_v14.03\libgcc.a(unwind-sjlj.o)
                0x000120fc                _Unwind_GetLanguageSpecificData
 .text._Unwind_GetRegionStart
                0x00012106        0x5 C:/Renesas/e2studio/GNURL78v14.03-ELF/rl78-elf/lib/gcc/rl78-elf/4.8-GNURL78_v14.03\libgcc.a(unwind-sjlj.o)
                0x00012106                _Unwind_GetRegionStart
 .text._Unwind_GetDataRelBase
                0x0001210b        0x5 C:/Renesas/e2studio/GNURL78v14.03-ELF/rl78-elf/lib/gcc/rl78-elf/4.8-GNURL78_v14.03\libgcc.a(unwind-sjlj.o)
                0x0001210b                _Unwind_GetDataRelBase
 .text._Unwind_GetTextRelBase
                0x00012110        0x5 C:/Renesas/e2studio/GNURL78v14.03-ELF/rl78-elf/lib/gcc/rl78-elf/4.8-GNURL78_v14.03\libgcc.a(unwind-sjlj.o)
                0x00012110                _Unwind_GetTextRelBase
 .text._Unwind_SjLj_RaiseException
                0x00012115       0xda C:/Renesas/e2studio/GNURL78v14.03-ELF/rl78-elf/lib/gcc/rl78-elf/4.8-GNURL78_v14.03\libgcc.a(unwind-sjlj.o)
                0x00012115                _Unwind_SjLj_RaiseException
 .text._Unwind_SjLj_Resume
                0x000121ef       0x5d C:/Renesas/e2studio/GNURL78v14.03-ELF/rl78-elf/lib/gcc/rl78-elf/4.8-GNURL78_v14.03\libgcc.a(unwind-sjlj.o)
                0x000121ef                _Unwind_SjLj_Resume
 .text._Unwind_SjLj_Resume_or_Rethrow
                0x0001224c       0x51 C:/Renesas/e2studio/GNURL78v14.03-ELF/rl78-elf/lib/gcc/rl78-elf/4.8-GNURL78_v14.03\libgcc.a(unwind-sjlj.o)
                0x0001224c                _Unwind_SjLj_Resume_or_Rethrow
 .text._Unwind_DeleteException
                0x0001229d       0x23 C:/Renesas/e2studio/GNURL78v14.03-ELF/rl78-elf/lib/gcc/rl78-elf/4.8-GNURL78_v14.03\libgcc.a(unwind-sjlj.o)
                0x0001229d                _Unwind_DeleteException
 .text.__clzsi2
                0x000122c0       0xcc C:/Renesas/e2studio/GNURL78v14.03-ELF/rl78-elf/lib/gcc/rl78-elf/4.8-GNURL78_v14.03\libgcc.a(_clzsi2.o)
                0x000122c0                __clzsi2
 .text.__pack_f
                0x0001238c      0x353 C:/Renesas/e2studio/GNURL78v14.03-ELF/rl78-elf/lib/gcc/rl78-elf/4.8-GNURL78_v14.03\libgcc.a(_pack_sf.o)
                0x0001238c                __pack_f
 .text.__unpack_f
                0x000126df      0x16c C:/Renesas/e2studio/GNURL78v14.03-ELF/rl78-elf/lib/gcc/rl78-elf/4.8-GNURL78_v14.03\libgcc.a(_unpack_sf.o)
                0x000126df                __unpack_f
 .text.__fpcmp_parts_f
                0x0001284b      0x136 C:/Renesas/e2studio/GNURL78v14.03-ELF/rl78-elf/lib/gcc/rl78-elf/4.8-GNURL78_v14.03\libgcc.a(_fpcmp_parts_sf.o)
                0x0001284b                __fpcmp_parts_f
 .text          0x00012981       0x1f C:/Renesas/e2studio/GNURL78v14.03-ELF/rl78-elf/rl78-elf/lib\libnosys.a(sbrk.o)
                0x00012981                sbrk
 *(PFDL_COD)
 *reset_program.o(.text)
 *(.text.*personality*)
 *(.gnu.warning)
 *(.interp .hash .dynsym .dynstr .gnu.version*)
                0x000129a0                PROVIDE (__etext, .)
                0x000129a0                PROVIDE (_etext, .)
                0x000129a0                PROVIDE (etext, .)
                0x000129a0                . = ALIGN (0x2)
 *(.init)
 .init          0x000129a0        0x0 ./gr_common/RLduino78/portable/e2studio/RL78/reset_program.o
                0x000129a0                _rl78_init
 .init          0x000129a0        0x4 C:/Renesas/e2studio/GNURL78v14.03-ELF/rl78-elf/lib/gcc/rl78-elf/4.8-GNURL78_v14.03/crtbegin.o
 .init          0x000129a4        0x4 C:/Renesas/e2studio/GNURL78v14.03-ELF/rl78-elf/lib/gcc/rl78-elf/4.8-GNURL78_v14.03/crtend.o
 .init          0x000129a8        0x9 C:/Renesas/e2studio/GNURL78v14.03-ELF/rl78-elf/rl78-elf/lib/crtn.o
                0x000129b1                _rl78_init_end
 *(.fini)
 .fini          0x000129b1        0x4 ./gr_common/RLduino78/portable/e2studio/RL78/reset_program.o
                0x000129b1                _rl78_fini
 .fini          0x000129b5        0x4 C:/Renesas/e2studio/GNURL78v14.03-ELF/rl78-elf/lib/gcc/rl78-elf/4.8-GNURL78_v14.03/crtbegin.o
 .fini          0x000129b9        0x1 C:/Renesas/e2studio/GNURL78v14.03-ELF/rl78-elf/rl78-elf/lib/crtn.o
                0x000129ba                _rl78_fini_end

.stab
 *(.stab)

.stabstr
 *(.stabstr)

.stab.excl
 *(.stab.excl)

.stab.exclstr
 *(.stab.exclstr)

.stab.index
 *(.stab.index)

.stab.indexstr
 *(.stab.indexstr)

.comment        0x00000000      0x130
 *(.comment)
 .comment       0x00000000       0x98 ./gr_sketch.o
                                 0x99 (size before relaxing)
 .comment       0x00000000       0x99 ./gr_common/RLduino78/cores/HardwareSerial.o
 .comment       0x00000000       0x99 ./gr_common/RLduino78/cores/IPAddress.o
 .comment       0x00000000       0x99 ./gr_common/RLduino78/cores/Print.o
 .comment       0x00000000       0x99 ./gr_common/RLduino78/cores/RLduino78_basic.o
 .comment       0x00000000       0x99 ./gr_common/RLduino78/cores/RLduino78_main.o
 .comment       0x00000000       0x99 ./gr_common/RLduino78/cores/RLduino78_RTC.o
 .comment       0x00000000       0x99 ./gr_common/RLduino78/libraries/Ethernet/Dhcp.o
 .comment       0x00000000       0x99 ./gr_common/RLduino78/libraries/Ethernet/Dns.o
 .comment       0x00000000       0x99 ./gr_common/RLduino78/libraries/Ethernet/Ethernet.o
 .comment       0x00000000       0x99 ./gr_common/RLduino78/libraries/Ethernet/EthernetClient.o
 .comment       0x00000000       0x99 ./gr_common/RLduino78/libraries/Ethernet/EthernetServer.o
 .comment       0x00000000       0x99 ./gr_common/RLduino78/libraries/Ethernet/EthernetUdp.o
 .comment       0x00000000       0x99 ./gr_common/RLduino78/libraries/Ethernet/Twitter.o
 .comment       0x00000000       0x99 ./gr_common/RLduino78/libraries/Firmata/Firmata.o
 .comment       0x00000000       0x99 ./gr_common/RLduino78/libraries/SD/SD.o
 .comment       0x00000000       0x99 ./gr_common/RLduino78/libraries/SD/utility/Sd2Card.o
 .comment       0x00000000       0x99 ./gr_common/RLduino78/libraries/SD/utility/SdFile.o
 .comment       0x00000000       0x99 ./gr_common/RLduino78/libraries/SD/utility/SdVolume.o
 .comment       0x00000000       0x99 ./gr_common/RLduino78/libraries/Servo/Servo.o
 .comment       0x00000000       0x99 ./gr_common/RLduino78/libraries/Wire/Wire.o
 .comment       0x00000000       0x99 ./gr_common/RLduino78/portable/e2studio/RL78/exception_handler.o
 .comment       0x00000000       0x99 ./gr_common/RLduino78/cores/RLduino78_timer.o
 .comment       0x00000000       0x99 ./gr_common/RLduino78/libraries/Wire/utility/twi.o
 .comment       0x00000000       0x99 ./gr_common/RLduino78/portable/e2studio/RL78/interrupt_handlers.o
 .comment       0x00000000       0x99 ./gr_common/RLduino78/portable/e2studio/RL78/vector_table.o
 .comment       0x00000000       0x99 C:/Renesas/e2studio/GNURL78v14.03-ELF/rl78-elf/lib/gcc/rl78-elf/4.8-GNURL78_v14.03/crtbegin.o